Archive member included to satisfy reference by file (symbol)

c:/altera_lite/16.0/nios2eds/bin/gnu/h-x86_64-mingw32/bin/../lib/gcc/nios2-elf/5.2.0/mno-hw-mul\libgcc.a(lib2-mul.o)
                              obj/default/hello_world.o (__mulsi3)
c:/altera_lite/16.0/nios2eds/bin/gnu/h-x86_64-mingw32/bin/../lib/gcc/nios2-elf/5.2.0/../../../../../H-x86_64-mingw32/nios2-elf/lib/mno-hw-mul\libsmallc.a(lib_a-printf.o)
                              obj/default/hello_world.o (printf)
c:/altera_lite/16.0/nios2eds/bin/gnu/h-x86_64-mingw32/bin/../lib/gcc/nios2-elf/5.2.0/../../../../../H-x86_64-mingw32/nios2-elf/lib/mno-hw-mul\libsmallc.a(lib_a-vfprintf.o)
                              c:/altera_lite/16.0/nios2eds/bin/gnu/h-x86_64-mingw32/bin/../lib/gcc/nios2-elf/5.2.0/../../../../../H-x86_64-mingw32/nios2-elf/lib/mno-hw-mul\libsmallc.a(lib_a-printf.o) (___vfprintf_internal_r)
c:/altera_lite/16.0/nios2eds/bin/gnu/h-x86_64-mingw32/bin/../lib/gcc/nios2-elf/5.2.0/../../../../../H-x86_64-mingw32/nios2-elf/lib/mno-hw-mul\libsmallc.a(lib_a-fvwrite_small_dev.o)
                              c:/altera_lite/16.0/nios2eds/bin/gnu/h-x86_64-mingw32/bin/../lib/gcc/nios2-elf/5.2.0/../../../../../H-x86_64-mingw32/nios2-elf/lib/mno-hw-mul\libsmallc.a(lib_a-printf.o) (__sfvwrite_small_dev)
c:/altera_lite/16.0/nios2eds/bin/gnu/h-x86_64-mingw32/bin/../lib/gcc/nios2-elf/5.2.0/../../../../../H-x86_64-mingw32/nios2-elf/lib/mno-hw-mul\libsmallc.a(lib_a-impure.o)
                              c:/altera_lite/16.0/nios2eds/bin/gnu/h-x86_64-mingw32/bin/../lib/gcc/nios2-elf/5.2.0/../../../../../H-x86_64-mingw32/nios2-elf/lib/mno-hw-mul\libsmallc.a(lib_a-printf.o) (_impure_ptr)
c:/altera_lite/16.0/nios2eds/bin/gnu/h-x86_64-mingw32/bin/../lib/gcc/nios2-elf/5.2.0/../../../../../H-x86_64-mingw32/nios2-elf/lib/mno-hw-mul\libsmallc.a(lib_a-strlen.o)
                              c:/altera_lite/16.0/nios2eds/bin/gnu/h-x86_64-mingw32/bin/../lib/gcc/nios2-elf/5.2.0/../../../../../H-x86_64-mingw32/nios2-elf/lib/mno-hw-mul\libsmallc.a(lib_a-vfprintf.o) (strlen)
c:/altera_lite/16.0/nios2eds/bin/gnu/h-x86_64-mingw32/bin/../lib/gcc/nios2-elf/5.2.0/../../../../../H-x86_64-mingw32/nios2-elf/lib/mno-hw-mul\libsmallc.a(lib_a-writer.o)
                              c:/altera_lite/16.0/nios2eds/bin/gnu/h-x86_64-mingw32/bin/../lib/gcc/nios2-elf/5.2.0/../../../../../H-x86_64-mingw32/nios2-elf/lib/mno-hw-mul\libsmallc.a(lib_a-fvwrite_small_dev.o) (_write_r)
c:/altera_lite/16.0/nios2eds/bin/gnu/h-x86_64-mingw32/bin/../lib/gcc/nios2-elf/5.2.0/../../../../../H-x86_64-mingw32/nios2-elf/lib/mno-hw-mul\libsmallc.a(lib_a-int_errno.o)
                              c:/altera_lite/16.0/nios2eds/bin/gnu/h-x86_64-mingw32/bin/../lib/gcc/nios2-elf/5.2.0/../../../../../H-x86_64-mingw32/nios2-elf/lib/mno-hw-mul\libsmallc.a(lib_a-writer.o) (errno)
c:/altera_lite/16.0/nios2eds/bin/gnu/h-x86_64-mingw32/bin/../lib/gcc/nios2-elf/5.2.0/mno-hw-mul\libgcc.a(lib2-divmod.o)
                              c:/altera_lite/16.0/nios2eds/bin/gnu/h-x86_64-mingw32/bin/../lib/gcc/nios2-elf/5.2.0/../../../../../H-x86_64-mingw32/nios2-elf/lib/mno-hw-mul\libsmallc.a(lib_a-vfprintf.o) (__udivsi3)
../proyecto3_bsp/\libhal_bsp.a(alt_load.o)
                              ../proyecto3_bsp//obj/HAL/src/crt0.o (alt_load)
../proyecto3_bsp/\libhal_bsp.a(alt_main.o)
                              ../proyecto3_bsp//obj/HAL/src/crt0.o (alt_main)
../proyecto3_bsp/\libhal_bsp.a(alt_write.o)
                              c:/altera_lite/16.0/nios2eds/bin/gnu/h-x86_64-mingw32/bin/../lib/gcc/nios2-elf/5.2.0/../../../../../H-x86_64-mingw32/nios2-elf/lib/mno-hw-mul\libsmallc.a(lib_a-writer.o) (write)
../proyecto3_bsp/\libhal_bsp.a(alt_sys_init.o)
                              ../proyecto3_bsp/\libhal_bsp.a(alt_main.o) (alt_irq_init)
../proyecto3_bsp/\libhal_bsp.a(altera_avalon_jtag_uart_fd.o)
                              ../proyecto3_bsp/\libhal_bsp.a(alt_sys_init.o) (altera_avalon_jtag_uart_read_fd)
../proyecto3_bsp/\libhal_bsp.a(altera_avalon_jtag_uart_read.o)
                              ../proyecto3_bsp/\libhal_bsp.a(altera_avalon_jtag_uart_fd.o) (altera_avalon_jtag_uart_read)
../proyecto3_bsp/\libhal_bsp.a(altera_avalon_jtag_uart_write.o)
                              ../proyecto3_bsp/\libhal_bsp.a(altera_avalon_jtag_uart_fd.o) (altera_avalon_jtag_uart_write)
../proyecto3_bsp/\libhal_bsp.a(altera_avalon_spi.o)
                              obj/default/hello_world.o (alt_avalon_spi_command)
../proyecto3_bsp/\libhal_bsp.a(altera_avalon_timer_sc.o)
                              ../proyecto3_bsp/\libhal_bsp.a(alt_sys_init.o) (alt_avalon_timer_sc_init)
../proyecto3_bsp/\libhal_bsp.a(alt_close.o)
                              ../proyecto3_bsp/\libhal_bsp.a(alt_main.o) (close)
../proyecto3_bsp/\libhal_bsp.a(alt_dcache_flush_all.o)
                              ../proyecto3_bsp/\libhal_bsp.a(alt_load.o) (alt_dcache_flush_all)
../proyecto3_bsp/\libhal_bsp.a(alt_dev.o)
                              ../proyecto3_bsp/\libhal_bsp.a(alt_sys_init.o) (alt_dev_list)
../proyecto3_bsp/\libhal_bsp.a(alt_dev_llist_insert.o)
                              ../proyecto3_bsp/\libhal_bsp.a(alt_sys_init.o) (alt_dev_llist_insert)
../proyecto3_bsp/\libhal_bsp.a(alt_errno.o)
                              ../proyecto3_bsp/\libhal_bsp.a(alt_write.o) (alt_errno)
../proyecto3_bsp/\libhal_bsp.a(alt_icache_flush_all.o)
                              ../proyecto3_bsp/\libhal_bsp.a(alt_load.o) (alt_icache_flush_all)
../proyecto3_bsp/\libhal_bsp.a(alt_iic.o)
                              ../proyecto3_bsp/\libhal_bsp.a(altera_avalon_timer_sc.o) (alt_ic_isr_register)
../proyecto3_bsp/\libhal_bsp.a(alt_iic_isr_register.o)
                              ../proyecto3_bsp/\libhal_bsp.a(alt_iic.o) (alt_iic_isr_register)
../proyecto3_bsp/\libhal_bsp.a(alt_io_redirect.o)
                              ../proyecto3_bsp/\libhal_bsp.a(alt_main.o) (alt_io_redirect)
../proyecto3_bsp/\libhal_bsp.a(alt_irq_entry.o)
                              ../proyecto3_bsp/\libhal_bsp.a(alt_iic_isr_register.o) (alt_irq_entry)
../proyecto3_bsp/\libhal_bsp.a(alt_irq_handler.o)
                              ../proyecto3_bsp/\libhal_bsp.a(alt_iic_isr_register.o) (alt_irq)
../proyecto3_bsp/\libhal_bsp.a(alt_irq_vars.o)
                              ../proyecto3_bsp/\libhal_bsp.a(alt_iic.o) (alt_irq_active)
../proyecto3_bsp/\libhal_bsp.a(alt_open.o)
                              ../proyecto3_bsp/\libhal_bsp.a(alt_io_redirect.o) (open)
../proyecto3_bsp/\libhal_bsp.a(alt_release_fd.o)
                              ../proyecto3_bsp/\libhal_bsp.a(alt_close.o) (alt_release_fd)
../proyecto3_bsp/\libhal_bsp.a(alt_tick.o)
                              ../proyecto3_bsp/\libhal_bsp.a(altera_avalon_timer_sc.o) (_alt_tick_rate)
../proyecto3_bsp/\libhal_bsp.a(altera_nios2_gen2_irq.o)
                              ../proyecto3_bsp/\libhal_bsp.a(alt_sys_init.o) (altera_nios2_gen2_irq_init)
../proyecto3_bsp/\libhal_bsp.a(alt_exception_entry.o)
                              ../proyecto3_bsp/\libhal_bsp.a(alt_irq_entry.o) (alt_exception)
../proyecto3_bsp/\libhal_bsp.a(alt_find_dev.o)
                              ../proyecto3_bsp/\libhal_bsp.a(alt_open.o) (alt_find_dev)
../proyecto3_bsp/\libhal_bsp.a(alt_find_file.o)
                              ../proyecto3_bsp/\libhal_bsp.a(alt_open.o) (alt_find_file)
../proyecto3_bsp/\libhal_bsp.a(alt_get_fd.o)
                              ../proyecto3_bsp/\libhal_bsp.a(alt_open.o) (alt_get_fd)
../proyecto3_bsp/\libhal_bsp.a(alt_instruction_exception_entry.o)
                              ../proyecto3_bsp/\libhal_bsp.a(alt_exception_entry.o) (alt_instruction_exception_entry)
c:/altera_lite/16.0/nios2eds/bin/gnu/h-x86_64-mingw32/bin/../lib/gcc/nios2-elf/5.2.0/../../../../../H-x86_64-mingw32/nios2-elf/lib/mno-hw-mul\libsmallc.a(lib_a-exit.o)
                              ../proyecto3_bsp/\libhal_bsp.a(alt_main.o) (exit)
c:/altera_lite/16.0/nios2eds/bin/gnu/h-x86_64-mingw32/bin/../lib/gcc/nios2-elf/5.2.0/../../../../../H-x86_64-mingw32/nios2-elf/lib/mno-hw-mul\libsmallc.a(lib_a-memcmp.o)
                              ../proyecto3_bsp/\libhal_bsp.a(alt_find_dev.o) (memcmp)
c:/altera_lite/16.0/nios2eds/bin/gnu/h-x86_64-mingw32/bin/../lib/gcc/nios2-elf/5.2.0/../../../../../H-x86_64-mingw32/nios2-elf/lib/mno-hw-mul\libsmallc.a(lib_a-__call_atexit.o)
                              c:/altera_lite/16.0/nios2eds/bin/gnu/h-x86_64-mingw32/bin/../lib/gcc/nios2-elf/5.2.0/../../../../../H-x86_64-mingw32/nios2-elf/lib/mno-hw-mul\libsmallc.a(lib_a-exit.o) (__call_exitprocs)
../proyecto3_bsp/\libhal_bsp.a(alt_exit.o)
                              c:/altera_lite/16.0/nios2eds/bin/gnu/h-x86_64-mingw32/bin/../lib/gcc/nios2-elf/5.2.0/../../../../../H-x86_64-mingw32/nios2-elf/lib/mno-hw-mul\libsmallc.a(lib_a-exit.o) (_exit)

Allocating common symbols
Common symbol       size              file

alt_irq             0x100             ../proyecto3_bsp/\libhal_bsp.a(alt_irq_handler.o)
errno               0x4               c:/altera_lite/16.0/nios2eds/bin/gnu/h-x86_64-mingw32/bin/../lib/gcc/nios2-elf/5.2.0/../../../../../H-x86_64-mingw32/nios2-elf/lib/mno-hw-mul\libsmallc.a(lib_a-int_errno.o)

Memory Configuration

Name             Origin             Length             Attributes
reset            0x0000000000000000 0x0000000000000020
on_chip_memory   0x0000000000000020 0x000000000000ffe0
*default*        0x0000000000000000 0xffffffffffffffff

Linker script and memory map

LOAD ../proyecto3_bsp//obj/HAL/src/crt0.o
LOAD obj/default/hello_world.o
LOAD c:/altera_lite/16.0/nios2eds/bin/gnu/h-x86_64-mingw32/bin/../lib/gcc/nios2-elf/5.2.0/../../../../../H-x86_64-mingw32/nios2-elf/lib/mno-hw-mul\libstdc++.a
LOAD c:/altera_lite/16.0/nios2eds/bin/gnu/h-x86_64-mingw32/bin/../lib/gcc/nios2-elf/5.2.0/../../../../../H-x86_64-mingw32/nios2-elf/lib/mno-hw-mul\libm.a
LOAD c:/altera_lite/16.0/nios2eds/bin/gnu/h-x86_64-mingw32/bin/../lib/gcc/nios2-elf/5.2.0/mno-hw-mul\libgcc.a
START GROUP
LOAD c:/altera_lite/16.0/nios2eds/bin/gnu/h-x86_64-mingw32/bin/../lib/gcc/nios2-elf/5.2.0/../../../../../H-x86_64-mingw32/nios2-elf/lib/mno-hw-mul\libsmallc.a
LOAD c:/altera_lite/16.0/nios2eds/bin/gnu/h-x86_64-mingw32/bin/../lib/gcc/nios2-elf/5.2.0/mno-hw-mul\libgcc.a
LOAD ../proyecto3_bsp/\libhal_bsp.a
LOAD c:/altera_lite/16.0/nios2eds/bin/gnu/h-x86_64-mingw32/bin/../lib/gcc/nios2-elf/5.2.0/../../../../../H-x86_64-mingw32/nios2-elf/lib/mno-hw-mul\libm.a
END GROUP
LOAD c:/altera_lite/16.0/nios2eds/bin/gnu/h-x86_64-mingw32/bin/../lib/gcc/nios2-elf/5.2.0/mno-hw-mul\libgcc.a
                0x0000000000000000                __alt_mem_on_chip_memory = 0x0

.entry          0x0000000000000000       0x20
 *(.entry)
 .entry         0x0000000000000000       0x20 ../proyecto3_bsp//obj/HAL/src/crt0.o
                0x0000000000000000                __reset

.exceptions     0x0000000000000020      0x210
                0x0000000000000020                PROVIDE (__ram_exceptions_start, ABSOLUTE (.))
                0x0000000000000020                . = ALIGN (0x20)
 *(.irq)
 *(.exceptions.entry.label)
 .exceptions.entry.label
                0x0000000000000020        0x0 ../proyecto3_bsp/\libhal_bsp.a(alt_irq_entry.o)
                0x0000000000000020                alt_irq_entry
 .exceptions.entry.label
                0x0000000000000020        0x0 ../proyecto3_bsp/\libhal_bsp.a(alt_exception_entry.o)
                0x0000000000000020                alt_exception
 *(.exceptions.entry.user)
 *(.exceptions.entry.ecc_fatal)
 *(.exceptions.entry)
 .exceptions.entry
                0x0000000000000020       0x54 ../proyecto3_bsp/\libhal_bsp.a(alt_exception_entry.o)
 *(.exceptions.irqtest.user)
 *(.exceptions.irqtest)
 .exceptions.irqtest
                0x0000000000000074       0x10 ../proyecto3_bsp/\libhal_bsp.a(alt_irq_entry.o)
 *(.exceptions.irqhandler.user)
 *(.exceptions.irqhandler)
 .exceptions.irqhandler
                0x0000000000000084        0x4 ../proyecto3_bsp/\libhal_bsp.a(alt_irq_entry.o)
 *(.exceptions.irqreturn.user)
 *(.exceptions.irqreturn)
 .exceptions.irqreturn
                0x0000000000000088        0x4 ../proyecto3_bsp/\libhal_bsp.a(alt_irq_entry.o)
 *(.exceptions.notirq.label)
 .exceptions.notirq.label
                0x000000000000008c        0x0 ../proyecto3_bsp/\libhal_bsp.a(alt_irq_entry.o)
 *(.exceptions.notirq.user)
 *(.exceptions.notirq)
 .exceptions.notirq
                0x000000000000008c        0x8 ../proyecto3_bsp/\libhal_bsp.a(alt_exception_entry.o)
 *(.exceptions.soft.user)
 *(.exceptions.soft)
 *(.exceptions.unknown.user)
 *(.exceptions.unknown)
 .exceptions.unknown
                0x0000000000000094       0x14 ../proyecto3_bsp/\libhal_bsp.a(alt_exception_entry.o)
 *(.exceptions.exit.label)
 .exceptions.exit.label
                0x00000000000000a8        0x0 ../proyecto3_bsp/\libhal_bsp.a(alt_irq_entry.o)
 .exceptions.exit.label
                0x00000000000000a8        0x0 ../proyecto3_bsp/\libhal_bsp.a(alt_exception_entry.o)
 *(.exceptions.exit.user)
 *(.exceptions.exit)
 .exceptions.exit
                0x00000000000000a8       0x54 ../proyecto3_bsp/\libhal_bsp.a(alt_exception_entry.o)
 *(.exceptions)
 .exceptions    0x00000000000000fc       0xd4 ../proyecto3_bsp/\libhal_bsp.a(alt_irq_handler.o)
                0x00000000000000fc                alt_irq_handler
 .exceptions    0x00000000000001d0       0x60 ../proyecto3_bsp/\libhal_bsp.a(alt_instruction_exception_entry.o)
                0x00000000000001d0                alt_instruction_exception_entry
                0x0000000000000230                PROVIDE (__ram_exceptions_end, ABSOLUTE (.))
                0x0000000000000020                PROVIDE (__flash_exceptions_start, LOADADDR (.exceptions))

.text           0x0000000000000230     0x2518
                [!provide]                        PROVIDE (stext, ABSOLUTE (.))
 *(.interp)
 *(.hash)
 *(.dynsym)
 *(.dynstr)
 *(.gnu.version)
 *(.gnu.version_d)
 *(.gnu.version_r)
 *(.rel.init)
 *(.rela.init)
 *(.rel.text .rel.text.* .rel.gnu.linkonce.t.*)
 *(.rela.text .rela.text.* .rela.gnu.linkonce.t.*)
 *(.rel.fini)
 *(.rela.fini)
 *(.rel.rodata .rel.rodata.* .rel.gnu.linkonce.r.*)
 *(.rela.rodata .rela.rodata.* .rela.gnu.linkonce.r.*)
 *(.rel.data .rel.data.* .rel.gnu.linkonce.d.*)
 *(.rela.data .rela.data.* .rela.gnu.linkonce.d.*)
 *(.rel.tdata .rel.tdata.* .rel.gnu.linkonce.td.*)
 *(.rela.tdata .rela.tdata.* .rela.gnu.linkonce.td.*)
 *(.rel.tbss .rel.tbss.* .rel.gnu.linkonce.tb.*)
 *(.rela.tbss .rela.tbss.* .rela.gnu.linkonce.tb.*)
 *(.rel.ctors)
 *(.rela.ctors)
 *(.rel.dtors)
 *(.rela.dtors)
 *(.rel.got)
 *(.rela.got)
 *(.rel.sdata .rel.sdata.* .rel.gnu.linkonce.s.*)
 *(.rela.sdata .rela.sdata.* .rela.gnu.linkonce.s.*)
 *(.rel.sbss .rel.sbss.* .rel.gnu.linkonce.sb.*)
 *(.rela.sbss .rela.sbss.* .rela.gnu.linkonce.sb.*)
 *(.rel.sdata2 .rel.sdata2.* .rel.gnu.linkonce.s2.*)
 *(.rela.sdata2 .rela.sdata2.* .rela.gnu.linkonce.s2.*)
 *(.rel.sbss2 .rel.sbss2.* .rel.gnu.linkonce.sb2.*)
 *(.rela.sbss2 .rela.sbss2.* .rela.gnu.linkonce.sb2.*)
 *(.rel.bss .rel.bss.* .rel.gnu.linkonce.b.*)
 *(.rela.bss .rela.bss.* .rela.gnu.linkonce.b.*)
 *(.rel.plt)
 *(.rela.plt)
 *(.rel.dyn)
 *(.init)
 *(.plt)
 *(.text .stub .text.* .gnu.linkonce.t.*)
 .text          0x0000000000000230       0x3c ../proyecto3_bsp//obj/HAL/src/crt0.o
                0x0000000000000230                _start
 .text          0x000000000000026c      0x220 obj/default/hello_world.o
                0x000000000000026c                test_program
                0x0000000000000304                main
 .text          0x000000000000048c       0x28 c:/altera_lite/16.0/nios2eds/bin/gnu/h-x86_64-mingw32/bin/../lib/gcc/nios2-elf/5.2.0/mno-hw-mul\libgcc.a(lib2-mul.o)
                0x000000000000048c                __mulsi3
 .text          0x00000000000004b4        0x0 c:/altera_lite/16.0/nios2eds/bin/gnu/h-x86_64-mingw32/bin/../lib/gcc/nios2-elf/5.2.0/../../../../../H-x86_64-mingw32/nios2-elf/lib/mno-hw-mul\libsmallc.a(lib_a-printf.o)
 .text._printf_r
                0x00000000000004b4       0x3c c:/altera_lite/16.0/nios2eds/bin/gnu/h-x86_64-mingw32/bin/../lib/gcc/nios2-elf/5.2.0/../../../../../H-x86_64-mingw32/nios2-elf/lib/mno-hw-mul\libsmallc.a(lib_a-printf.o)
                0x00000000000004b4                _printf_r
 .text.printf   0x00000000000004f0       0x4c c:/altera_lite/16.0/nios2eds/bin/gnu/h-x86_64-mingw32/bin/../lib/gcc/nios2-elf/5.2.0/../../../../../H-x86_64-mingw32/nios2-elf/lib/mno-hw-mul\libsmallc.a(lib_a-printf.o)
                0x00000000000004f0                printf
 .text          0x000000000000053c        0x0 c:/altera_lite/16.0/nios2eds/bin/gnu/h-x86_64-mingw32/bin/../lib/gcc/nios2-elf/5.2.0/../../../../../H-x86_64-mingw32/nios2-elf/lib/mno-hw-mul\libsmallc.a(lib_a-vfprintf.o)
 .text.print_repeat
                0x000000000000053c       0x6c c:/altera_lite/16.0/nios2eds/bin/gnu/h-x86_64-mingw32/bin/../lib/gcc/nios2-elf/5.2.0/../../../../../H-x86_64-mingw32/nios2-elf/lib/mno-hw-mul\libsmallc.a(lib_a-vfprintf.o)
 .text.___vfprintf_internal_r
                0x00000000000005a8      0x52c c:/altera_lite/16.0/nios2eds/bin/gnu/h-x86_64-mingw32/bin/../lib/gcc/nios2-elf/5.2.0/../../../../../H-x86_64-mingw32/nios2-elf/lib/mno-hw-mul\libsmallc.a(lib_a-vfprintf.o)
                0x00000000000005a8                ___vfprintf_internal_r
 .text.__vfprintf_internal
                0x0000000000000ad4       0x1c c:/altera_lite/16.0/nios2eds/bin/gnu/h-x86_64-mingw32/bin/../lib/gcc/nios2-elf/5.2.0/../../../../../H-x86_64-mingw32/nios2-elf/lib/mno-hw-mul\libsmallc.a(lib_a-vfprintf.o)
                0x0000000000000ad4                __vfprintf_internal
 .text          0x0000000000000af0        0x0 c:/altera_lite/16.0/nios2eds/bin/gnu/h-x86_64-mingw32/bin/../lib/gcc/nios2-elf/5.2.0/../../../../../H-x86_64-mingw32/nios2-elf/lib/mno-hw-mul\libsmallc.a(lib_a-fvwrite_small_dev.o)
 .text.__sfvwrite_small_dev
                0x0000000000000af0       0xb8 c:/altera_lite/16.0/nios2eds/bin/gnu/h-x86_64-mingw32/bin/../lib/gcc/nios2-elf/5.2.0/../../../../../H-x86_64-mingw32/nios2-elf/lib/mno-hw-mul\libsmallc.a(lib_a-fvwrite_small_dev.o)
                0x0000000000000af0                __sfvwrite_small_dev
 .text          0x0000000000000ba8        0x0 c:/altera_lite/16.0/nios2eds/bin/gnu/h-x86_64-mingw32/bin/../lib/gcc/nios2-elf/5.2.0/../../../../../H-x86_64-mingw32/nios2-elf/lib/mno-hw-mul\libsmallc.a(lib_a-impure.o)
 .text          0x0000000000000ba8        0x0 c:/altera_lite/16.0/nios2eds/bin/gnu/h-x86_64-mingw32/bin/../lib/gcc/nios2-elf/5.2.0/../../../../../H-x86_64-mingw32/nios2-elf/lib/mno-hw-mul\libsmallc.a(lib_a-strlen.o)
 .text.strlen   0x0000000000000ba8       0x1c c:/altera_lite/16.0/nios2eds/bin/gnu/h-x86_64-mingw32/bin/../lib/gcc/nios2-elf/5.2.0/../../../../../H-x86_64-mingw32/nios2-elf/lib/mno-hw-mul\libsmallc.a(lib_a-strlen.o)
                0x0000000000000ba8                strlen
 .text          0x0000000000000bc4        0x0 c:/altera_lite/16.0/nios2eds/bin/gnu/h-x86_64-mingw32/bin/../lib/gcc/nios2-elf/5.2.0/../../../../../H-x86_64-mingw32/nios2-elf/lib/mno-hw-mul\libsmallc.a(lib_a-writer.o)
 .text._write_r
                0x0000000000000bc4       0x58 c:/altera_lite/16.0/nios2eds/bin/gnu/h-x86_64-mingw32/bin/../lib/gcc/nios2-elf/5.2.0/../../../../../H-x86_64-mingw32/nios2-elf/lib/mno-hw-mul\libsmallc.a(lib_a-writer.o)
                0x0000000000000bc4                _write_r
 .text          0x0000000000000c1c        0x0 c:/altera_lite/16.0/nios2eds/bin/gnu/h-x86_64-mingw32/bin/../lib/gcc/nios2-elf/5.2.0/../../../../../H-x86_64-mingw32/nios2-elf/lib/mno-hw-mul\libsmallc.a(lib_a-int_errno.o)
 .text          0x0000000000000c1c      0x1b4 c:/altera_lite/16.0/nios2eds/bin/gnu/h-x86_64-mingw32/bin/../lib/gcc/nios2-elf/5.2.0/mno-hw-mul\libgcc.a(lib2-divmod.o)
                0x0000000000000c1c                __divsi3
                0x0000000000000ca0                __modsi3
                0x0000000000000d14                __udivsi3
                0x0000000000000d78                __umodsi3
 .text          0x0000000000000dd0       0xec ../proyecto3_bsp/\libhal_bsp.a(alt_load.o)
                0x0000000000000e38                alt_load
 .text          0x0000000000000ebc       0x6c ../proyecto3_bsp/\libhal_bsp.a(alt_main.o)
                0x0000000000000ebc                alt_main
 .text          0x0000000000000f28      0x150 ../proyecto3_bsp/\libhal_bsp.a(alt_write.o)
                0x0000000000000f78                write
 .text          0x0000000000001078       0xc0 ../proyecto3_bsp/\libhal_bsp.a(alt_sys_init.o)
                0x00000000000010b0                alt_irq_init
                0x00000000000010e8                alt_sys_init
 .text          0x0000000000001138       0xc0 ../proyecto3_bsp/\libhal_bsp.a(altera_avalon_jtag_uart_fd.o)
                0x0000000000001138                altera_avalon_jtag_uart_read_fd
                0x0000000000001198                altera_avalon_jtag_uart_write_fd
 .text          0x00000000000011f8       0xec ../proyecto3_bsp/\libhal_bsp.a(altera_avalon_jtag_uart_read.o)
                0x00000000000011f8                altera_avalon_jtag_uart_read
 .text          0x00000000000012e4       0x94 ../proyecto3_bsp/\libhal_bsp.a(altera_avalon_jtag_uart_write.o)
                0x00000000000012e4                altera_avalon_jtag_uart_write
 .text          0x0000000000001378      0x1fc ../proyecto3_bsp/\libhal_bsp.a(altera_avalon_spi.o)
                0x0000000000001378                alt_avalon_spi_command
 .text          0x0000000000001574      0x104 ../proyecto3_bsp/\libhal_bsp.a(altera_avalon_timer_sc.o)
                0x00000000000015ec                alt_avalon_timer_sc_init
 .text          0x0000000000001678      0x128 ../proyecto3_bsp/\libhal_bsp.a(alt_close.o)
                0x00000000000016c8                close
 .text          0x00000000000017a0       0x20 ../proyecto3_bsp/\libhal_bsp.a(alt_dcache_flush_all.o)
                0x00000000000017a0                alt_dcache_flush_all
 .text          0x00000000000017c0       0x2c ../proyecto3_bsp/\libhal_bsp.a(alt_dev.o)
 .text          0x00000000000017ec       0xf4 ../proyecto3_bsp/\libhal_bsp.a(alt_dev_llist_insert.o)
                0x000000000000183c                alt_dev_llist_insert
 .text          0x00000000000018e0        0x0 ../proyecto3_bsp/\libhal_bsp.a(alt_errno.o)
 .text          0x00000000000018e0       0x20 ../proyecto3_bsp/\libhal_bsp.a(alt_icache_flush_all.o)
                0x00000000000018e0                alt_icache_flush_all
 .text          0x0000000000001900      0x1e0 ../proyecto3_bsp/\libhal_bsp.a(alt_iic.o)
                0x0000000000001900                alt_ic_isr_register
                0x0000000000001950                alt_ic_irq_enable
                0x00000000000019f0                alt_ic_irq_disable
                0x0000000000001a94                alt_ic_irq_enabled
 .text          0x0000000000001ae0       0xf0 ../proyecto3_bsp/\libhal_bsp.a(alt_iic_isr_register.o)
                0x0000000000001ae0                alt_iic_isr_register
 .text          0x0000000000001bd0      0x160 ../proyecto3_bsp/\libhal_bsp.a(alt_io_redirect.o)
                0x0000000000001cb4                alt_io_redirect
 .text          0x0000000000001d30        0x0 ../proyecto3_bsp/\libhal_bsp.a(alt_irq_entry.o)
 .text          0x0000000000001d30        0x0 ../proyecto3_bsp/\libhal_bsp.a(alt_irq_handler.o)
 .text          0x0000000000001d30        0x0 ../proyecto3_bsp/\libhal_bsp.a(alt_irq_vars.o)
 .text          0x0000000000001d30      0x2a4 ../proyecto3_bsp/\libhal_bsp.a(alt_open.o)
                0x0000000000001e74                open
 .text          0x0000000000001fd4       0x84 ../proyecto3_bsp/\libhal_bsp.a(alt_release_fd.o)
                0x0000000000001fd4                alt_release_fd
 .text          0x0000000000002058      0x1a4 ../proyecto3_bsp/\libhal_bsp.a(alt_tick.o)
                0x0000000000002058                alt_alarm_stop
                0x00000000000020f4                alt_tick
 .text          0x00000000000021fc       0x24 ../proyecto3_bsp/\libhal_bsp.a(altera_nios2_gen2_irq.o)
                0x00000000000021fc                altera_nios2_gen2_irq_init
 .text          0x0000000000002220        0x0 ../proyecto3_bsp/\libhal_bsp.a(alt_exception_entry.o)
 .text          0x0000000000002220       0x90 ../proyecto3_bsp/\libhal_bsp.a(alt_find_dev.o)
                0x0000000000002220                alt_find_dev
 .text          0x00000000000022b0      0x114 ../proyecto3_bsp/\libhal_bsp.a(alt_find_file.o)
                0x00000000000022b0                alt_find_file
 .text          0x00000000000023c4       0xd4 ../proyecto3_bsp/\libhal_bsp.a(alt_get_fd.o)
                0x00000000000023c4                alt_get_fd
 .text          0x0000000000002498       0x9c ../proyecto3_bsp/\libhal_bsp.a(alt_instruction_exception_entry.o)
                0x0000000000002498                alt_exception_cause_generated_bad_addr
 .text          0x0000000000002534        0x0 c:/altera_lite/16.0/nios2eds/bin/gnu/h-x86_64-mingw32/bin/../lib/gcc/nios2-elf/5.2.0/../../../../../H-x86_64-mingw32/nios2-elf/lib/mno-hw-mul\libsmallc.a(lib_a-exit.o)
 .text.exit     0x0000000000002534       0x20 c:/altera_lite/16.0/nios2eds/bin/gnu/h-x86_64-mingw32/bin/../lib/gcc/nios2-elf/5.2.0/../../../../../H-x86_64-mingw32/nios2-elf/lib/mno-hw-mul\libsmallc.a(lib_a-exit.o)
                0x0000000000002534                exit
 .text          0x0000000000002554        0x0 c:/altera_lite/16.0/nios2eds/bin/gnu/h-x86_64-mingw32/bin/../lib/gcc/nios2-elf/5.2.0/../../../../../H-x86_64-mingw32/nios2-elf/lib/mno-hw-mul\libsmallc.a(lib_a-memcmp.o)
 .text.memcmp   0x0000000000002554       0x30 c:/altera_lite/16.0/nios2eds/bin/gnu/h-x86_64-mingw32/bin/../lib/gcc/nios2-elf/5.2.0/../../../../../H-x86_64-mingw32/nios2-elf/lib/mno-hw-mul\libsmallc.a(lib_a-memcmp.o)
                0x0000000000002554                memcmp
 .text          0x0000000000002584        0x0 c:/altera_lite/16.0/nios2eds/bin/gnu/h-x86_64-mingw32/bin/../lib/gcc/nios2-elf/5.2.0/../../../../../H-x86_64-mingw32/nios2-elf/lib/mno-hw-mul\libsmallc.a(lib_a-__call_atexit.o)
 .text.__call_exitprocs
                0x0000000000002584      0x190 c:/altera_lite/16.0/nios2eds/bin/gnu/h-x86_64-mingw32/bin/../lib/gcc/nios2-elf/5.2.0/../../../../../H-x86_64-mingw32/nios2-elf/lib/mno-hw-mul\libsmallc.a(lib_a-__call_atexit.o)
                0x0000000000002584                __call_exitprocs
 .text          0x0000000000002714       0x34 ../proyecto3_bsp/\libhal_bsp.a(alt_exit.o)
                0x0000000000002714                _exit
 *(.gnu.warning.*)
 *(.fini)
                [!provide]                        PROVIDE (__etext, ABSOLUTE (.))
                [!provide]                        PROVIDE (_etext, ABSOLUTE (.))
                [!provide]                        PROVIDE (etext, ABSOLUTE (.))
 *(.eh_frame_hdr)
                0x0000000000002748                . = ALIGN (0x4)
                [!provide]                        PROVIDE (__preinit_array_start, ABSOLUTE (.))
 *(.preinit_array)
                [!provide]                        PROVIDE (__preinit_array_end, ABSOLUTE (.))
                [!provide]                        PROVIDE (__init_array_start, ABSOLUTE (.))
 *(.init_array)
                [!provide]                        PROVIDE (__init_array_end, ABSOLUTE (.))
                [!provide]                        PROVIDE (__fini_array_start, ABSOLUTE (.))
 *(.fini_array)
                [!provide]                        PROVIDE (__fini_array_end, ABSOLUTE (.))
 *(.eh_frame)
 *(.gcc_except_table .gcc_except_table.*)
 *(.dynamic)
                [!provide]                        PROVIDE (__CTOR_LIST__, ABSOLUTE (.))
 *(.ctors)
 *(SORT(.ctors.*))
                [!provide]                        PROVIDE (__CTOR_END__, ABSOLUTE (.))
                [!provide]                        PROVIDE (__DTOR_LIST__, ABSOLUTE (.))
 *(.dtors)
 *(SORT(.dtors.*))
                [!provide]                        PROVIDE (__DTOR_END__, ABSOLUTE (.))
 *(.jcr)
                0x0000000000002748                . = ALIGN (0x4)

.rodata         0x0000000000002748       0x94
                0x0000000000002748                PROVIDE (__ram_rodata_start, ABSOLUTE (.))
                0x0000000000002748                . = ALIGN (0x4)
 *(.rodata .rodata.* .gnu.linkonce.r.*)
 .rodata        0x0000000000002748       0x67 obj/default/hello_world.o
 *fill*         0x00000000000027af        0x1 
 .rodata        0x00000000000027b0        0xf ../proyecto3_bsp/\libhal_bsp.a(alt_main.o)
 *fill*         0x00000000000027bf        0x1 
 .rodata        0x00000000000027c0        0xf ../proyecto3_bsp/\libhal_bsp.a(alt_sys_init.o)
 *fill*         0x00000000000027cf        0x1 
 .rodata        0x00000000000027d0        0xa ../proyecto3_bsp/\libhal_bsp.a(alt_dev.o)
 *(.rodata1)
                0x00000000000027dc                . = ALIGN (0x4)
 *fill*         0x00000000000027da        0x2 
                0x00000000000027dc                PROVIDE (__ram_rodata_end, ABSOLUTE (.))
                0x0000000000002748                PROVIDE (__flash_rodata_start, LOADADDR (.rodata))

.rwdata         0x00000000000027dc      0x36c load address 0x0000000000002b48
                0x00000000000027dc                PROVIDE (__ram_rwdata_start, ABSOLUTE (.))
                0x00000000000027dc                . = ALIGN (0x4)
 *(.got.plt)
 *(.got)
 *(.data1)
 *(.data .data.* .gnu.linkonce.d.*)
 .data          0x00000000000027dc        0x0 ../proyecto3_bsp//obj/HAL/src/crt0.o
 .data          0x00000000000027dc       0x8c obj/default/hello_world.o
                0x00000000000027dc                list
 .data          0x0000000000002868        0x0 c:/altera_lite/16.0/nios2eds/bin/gnu/h-x86_64-mingw32/bin/../lib/gcc/nios2-elf/5.2.0/mno-hw-mul\libgcc.a(lib2-mul.o)
 .data          0x0000000000002868        0x0 c:/altera_lite/16.0/nios2eds/bin/gnu/h-x86_64-mingw32/bin/../lib/gcc/nios2-elf/5.2.0/../../../../../H-x86_64-mingw32/nios2-elf/lib/mno-hw-mul\libsmallc.a(lib_a-printf.o)
 .data          0x0000000000002868        0x0 c:/altera_lite/16.0/nios2eds/bin/gnu/h-x86_64-mingw32/bin/../lib/gcc/nios2-elf/5.2.0/../../../../../H-x86_64-mingw32/nios2-elf/lib/mno-hw-mul\libsmallc.a(lib_a-vfprintf.o)
 .data          0x0000000000002868        0x0 c:/altera_lite/16.0/nios2eds/bin/gnu/h-x86_64-mingw32/bin/../lib/gcc/nios2-elf/5.2.0/../../../../../H-x86_64-mingw32/nios2-elf/lib/mno-hw-mul\libsmallc.a(lib_a-fvwrite_small_dev.o)
 .data          0x0000000000002868        0x0 c:/altera_lite/16.0/nios2eds/bin/gnu/h-x86_64-mingw32/bin/../lib/gcc/nios2-elf/5.2.0/../../../../../H-x86_64-mingw32/nios2-elf/lib/mno-hw-mul\libsmallc.a(lib_a-impure.o)
 .data.impure_data
                0x0000000000002868       0xe0 c:/altera_lite/16.0/nios2eds/bin/gnu/h-x86_64-mingw32/bin/../lib/gcc/nios2-elf/5.2.0/../../../../../H-x86_64-mingw32/nios2-elf/lib/mno-hw-mul\libsmallc.a(lib_a-impure.o)
 .data          0x0000000000002948        0x0 c:/altera_lite/16.0/nios2eds/bin/gnu/h-x86_64-mingw32/bin/../lib/gcc/nios2-elf/5.2.0/../../../../../H-x86_64-mingw32/nios2-elf/lib/mno-hw-mul\libsmallc.a(lib_a-strlen.o)
 .data          0x0000000000002948        0x0 c:/altera_lite/16.0/nios2eds/bin/gnu/h-x86_64-mingw32/bin/../lib/gcc/nios2-elf/5.2.0/../../../../../H-x86_64-mingw32/nios2-elf/lib/mno-hw-mul\libsmallc.a(lib_a-writer.o)
 .data          0x0000000000002948        0x0 c:/altera_lite/16.0/nios2eds/bin/gnu/h-x86_64-mingw32/bin/../lib/gcc/nios2-elf/5.2.0/../../../../../H-x86_64-mingw32/nios2-elf/lib/mno-hw-mul\libsmallc.a(lib_a-int_errno.o)
 .data          0x0000000000002948        0x0 c:/altera_lite/16.0/nios2eds/bin/gnu/h-x86_64-mingw32/bin/../lib/gcc/nios2-elf/5.2.0/mno-hw-mul\libgcc.a(lib2-divmod.o)
 .data          0x0000000000002948        0x0 ../proyecto3_bsp/\libhal_bsp.a(alt_load.o)
 .data          0x0000000000002948        0x0 ../proyecto3_bsp/\libhal_bsp.a(alt_main.o)
 .data          0x0000000000002948        0x0 ../proyecto3_bsp/\libhal_bsp.a(alt_write.o)
 .data          0x0000000000002948       0x2c ../proyecto3_bsp/\libhal_bsp.a(alt_sys_init.o)
 .data          0x0000000000002974        0x0 ../proyecto3_bsp/\libhal_bsp.a(altera_avalon_jtag_uart_fd.o)
 .data          0x0000000000002974        0x0 ../proyecto3_bsp/\libhal_bsp.a(altera_avalon_jtag_uart_read.o)
 .data          0x0000000000002974        0x0 ../proyecto3_bsp/\libhal_bsp.a(altera_avalon_jtag_uart_write.o)
 .data          0x0000000000002974        0x0 ../proyecto3_bsp/\libhal_bsp.a(altera_avalon_spi.o)
 .data          0x0000000000002974        0x0 ../proyecto3_bsp/\libhal_bsp.a(altera_avalon_timer_sc.o)
 .data          0x0000000000002974        0x0 ../proyecto3_bsp/\libhal_bsp.a(alt_close.o)
 .data          0x0000000000002974        0x0 ../proyecto3_bsp/\libhal_bsp.a(alt_dcache_flush_all.o)
 .data          0x0000000000002974      0x1a8 ../proyecto3_bsp/\libhal_bsp.a(alt_dev.o)
                0x0000000000002974                alt_dev_null
                0x000000000000299c                alt_fd_list
 .data          0x0000000000002b1c        0x0 ../proyecto3_bsp/\libhal_bsp.a(alt_dev_llist_insert.o)
 .data          0x0000000000002b1c        0x0 ../proyecto3_bsp/\libhal_bsp.a(alt_errno.o)
 .data          0x0000000000002b1c        0x0 ../proyecto3_bsp/\libhal_bsp.a(alt_icache_flush_all.o)
 .data          0x0000000000002b1c        0x0 ../proyecto3_bsp/\libhal_bsp.a(alt_iic.o)
 .data          0x0000000000002b1c        0x0 ../proyecto3_bsp/\libhal_bsp.a(alt_iic_isr_register.o)
 .data          0x0000000000002b1c        0x0 ../proyecto3_bsp/\libhal_bsp.a(alt_io_redirect.o)
 .data          0x0000000000002b1c        0x0 ../proyecto3_bsp/\libhal_bsp.a(alt_irq_entry.o)
 .data          0x0000000000002b1c        0x0 ../proyecto3_bsp/\libhal_bsp.a(alt_irq_handler.o)
 .data          0x0000000000002b1c        0x0 ../proyecto3_bsp/\libhal_bsp.a(alt_irq_vars.o)
 .data          0x0000000000002b1c        0x0 ../proyecto3_bsp/\libhal_bsp.a(alt_open.o)
 .data          0x0000000000002b1c        0x0 ../proyecto3_bsp/\libhal_bsp.a(alt_release_fd.o)
 .data          0x0000000000002b1c        0x0 ../proyecto3_bsp/\libhal_bsp.a(alt_tick.o)
 .data          0x0000000000002b1c        0x0 ../proyecto3_bsp/\libhal_bsp.a(altera_nios2_gen2_irq.o)
 .data          0x0000000000002b1c        0x0 ../proyecto3_bsp/\libhal_bsp.a(alt_exception_entry.o)
 .data          0x0000000000002b1c        0x0 ../proyecto3_bsp/\libhal_bsp.a(alt_find_dev.o)
 .data          0x0000000000002b1c        0x0 ../proyecto3_bsp/\libhal_bsp.a(alt_find_file.o)
 .data          0x0000000000002b1c        0x0 ../proyecto3_bsp/\libhal_bsp.a(alt_get_fd.o)
 .data          0x0000000000002b1c        0x0 ../proyecto3_bsp/\libhal_bsp.a(alt_instruction_exception_entry.o)
 .data          0x0000000000002b1c        0x0 c:/altera_lite/16.0/nios2eds/bin/gnu/h-x86_64-mingw32/bin/../lib/gcc/nios2-elf/5.2.0/../../../../../H-x86_64-mingw32/nios2-elf/lib/mno-hw-mul\libsmallc.a(lib_a-exit.o)
 .data          0x0000000000002b1c        0x0 c:/altera_lite/16.0/nios2eds/bin/gnu/h-x86_64-mingw32/bin/../lib/gcc/nios2-elf/5.2.0/../../../../../H-x86_64-mingw32/nios2-elf/lib/mno-hw-mul\libsmallc.a(lib_a-memcmp.o)
 .data          0x0000000000002b1c        0x0 c:/altera_lite/16.0/nios2eds/bin/gnu/h-x86_64-mingw32/bin/../lib/gcc/nios2-elf/5.2.0/../../../../../H-x86_64-mingw32/nios2-elf/lib/mno-hw-mul\libsmallc.a(lib_a-__call_atexit.o)
 .data          0x0000000000002b1c        0x0 ../proyecto3_bsp/\libhal_bsp.a(alt_exit.o)
                0x000000000000ab1c                _gp = ABSOLUTE ((. + 0x8000))
                [!provide]                        PROVIDE (gp, _gp)
 *(.rwdata .rwdata.*)
 *(.sdata .sdata.* .gnu.linkonce.s.*)
 .sdata._global_impure_ptr
                0x0000000000002b1c        0x4 c:/altera_lite/16.0/nios2eds/bin/gnu/h-x86_64-mingw32/bin/../lib/gcc/nios2-elf/5.2.0/../../../../../H-x86_64-mingw32/nios2-elf/lib/mno-hw-mul\libsmallc.a(lib_a-impure.o)
                0x0000000000002b1c                _global_impure_ptr
 .sdata._impure_ptr
                0x0000000000002b20        0x4 c:/altera_lite/16.0/nios2eds/bin/gnu/h-x86_64-mingw32/bin/../lib/gcc/nios2-elf/5.2.0/../../../../../H-x86_64-mingw32/nios2-elf/lib/mno-hw-mul\libsmallc.a(lib_a-impure.o)
                0x0000000000002b20                _impure_ptr
 .sdata         0x0000000000002b24       0x14 ../proyecto3_bsp/\libhal_bsp.a(alt_dev.o)
                0x0000000000002b24                alt_fs_list
                0x0000000000002b2c                alt_dev_list
                0x0000000000002b34                alt_max_fd
 .sdata         0x0000000000002b38        0x4 ../proyecto3_bsp/\libhal_bsp.a(alt_errno.o)
                0x0000000000002b38                alt_errno
 .sdata         0x0000000000002b3c        0x4 ../proyecto3_bsp/\libhal_bsp.a(alt_irq_vars.o)
                0x0000000000002b3c                alt_priority_mask
 .sdata         0x0000000000002b40        0x8 ../proyecto3_bsp/\libhal_bsp.a(alt_tick.o)
                0x0000000000002b40                alt_alarm_list
 *(.sdata2 .sdata2.* .gnu.linkonce.s2.*)
                0x0000000000002b48                . = ALIGN (0x4)
                0x0000000000002b48                _edata = ABSOLUTE (.)
                [!provide]                        PROVIDE (edata, ABSOLUTE (.))
                0x0000000000002b48                PROVIDE (__ram_rwdata_end, ABSOLUTE (.))
                0x0000000000002b48                PROVIDE (__flash_rwdata_start, LOADADDR (.rwdata))

.bss            0x0000000000002eb4      0x120
                0x0000000000002eb4                __bss_start = ABSOLUTE (.)
                [!provide]                        PROVIDE (__sbss_start, ABSOLUTE (.))
                [!provide]                        PROVIDE (___sbss_start, ABSOLUTE (.))
 *(.dynsbss)
 *(.sbss .sbss.* .gnu.linkonce.sb.*)
 .sbss          0x0000000000002eb4        0x4 c:/altera_lite/16.0/nios2eds/bin/gnu/h-x86_64-mingw32/bin/../lib/gcc/nios2-elf/5.2.0/../../../../../H-x86_64-mingw32/nios2-elf/lib/mno-hw-mul\libsmallc.a(lib_a-int_errno.o)
                0x0000000000002eb4                errno
 .sbss          0x0000000000002eb8        0xc ../proyecto3_bsp/\libhal_bsp.a(alt_main.o)
                0x0000000000002eb8                alt_argc
                0x0000000000002ebc                alt_argv
                0x0000000000002ec0                alt_envp
 .sbss          0x0000000000002ec4        0x4 ../proyecto3_bsp/\libhal_bsp.a(alt_irq_vars.o)
                0x0000000000002ec4                alt_irq_active
 .sbss          0x0000000000002ec8        0x8 ../proyecto3_bsp/\libhal_bsp.a(alt_tick.o)
                0x0000000000002ec8                _alt_tick_rate
                0x0000000000002ecc                _alt_nticks
 .sbss          0x0000000000002ed0        0x4 ../proyecto3_bsp/\libhal_bsp.a(alt_instruction_exception_entry.o)
                0x0000000000002ed0                alt_instruction_exception_handler
 *(.sbss2 .sbss2.* .gnu.linkonce.sb2.*)
 *(.scommon)
                [!provide]                        PROVIDE (__sbss_end, ABSOLUTE (.))
                [!provide]                        PROVIDE (___sbss_end, ABSOLUTE (.))
 *(.dynbss)
 *(.bss .bss.* .gnu.linkonce.b.*)
 .bss           0x0000000000002ed4        0x0 ../proyecto3_bsp//obj/HAL/src/crt0.o
 .bss           0x0000000000002ed4        0x0 obj/default/hello_world.o
 .bss           0x0000000000002ed4        0x0 c:/altera_lite/16.0/nios2eds/bin/gnu/h-x86_64-mingw32/bin/../lib/gcc/nios2-elf/5.2.0/mno-hw-mul\libgcc.a(lib2-mul.o)
 .bss           0x0000000000002ed4        0x0 c:/altera_lite/16.0/nios2eds/bin/gnu/h-x86_64-mingw32/bin/../lib/gcc/nios2-elf/5.2.0/../../../../../H-x86_64-mingw32/nios2-elf/lib/mno-hw-mul\libsmallc.a(lib_a-printf.o)
 .bss           0x0000000000002ed4        0x0 c:/altera_lite/16.0/nios2eds/bin/gnu/h-x86_64-mingw32/bin/../lib/gcc/nios2-elf/5.2.0/../../../../../H-x86_64-mingw32/nios2-elf/lib/mno-hw-mul\libsmallc.a(lib_a-vfprintf.o)
 .bss           0x0000000000002ed4        0x0 c:/altera_lite/16.0/nios2eds/bin/gnu/h-x86_64-mingw32/bin/../lib/gcc/nios2-elf/5.2.0/../../../../../H-x86_64-mingw32/nios2-elf/lib/mno-hw-mul\libsmallc.a(lib_a-fvwrite_small_dev.o)
 .bss           0x0000000000002ed4        0x0 c:/altera_lite/16.0/nios2eds/bin/gnu/h-x86_64-mingw32/bin/../lib/gcc/nios2-elf/5.2.0/../../../../../H-x86_64-mingw32/nios2-elf/lib/mno-hw-mul\libsmallc.a(lib_a-impure.o)
 .bss           0x0000000000002ed4        0x0 c:/altera_lite/16.0/nios2eds/bin/gnu/h-x86_64-mingw32/bin/../lib/gcc/nios2-elf/5.2.0/../../../../../H-x86_64-mingw32/nios2-elf/lib/mno-hw-mul\libsmallc.a(lib_a-strlen.o)
 .bss           0x0000000000002ed4        0x0 c:/altera_lite/16.0/nios2eds/bin/gnu/h-x86_64-mingw32/bin/../lib/gcc/nios2-elf/5.2.0/../../../../../H-x86_64-mingw32/nios2-elf/lib/mno-hw-mul\libsmallc.a(lib_a-writer.o)
 .bss           0x0000000000002ed4        0x0 c:/altera_lite/16.0/nios2eds/bin/gnu/h-x86_64-mingw32/bin/../lib/gcc/nios2-elf/5.2.0/../../../../../H-x86_64-mingw32/nios2-elf/lib/mno-hw-mul\libsmallc.a(lib_a-int_errno.o)
 .bss           0x0000000000002ed4        0x0 c:/altera_lite/16.0/nios2eds/bin/gnu/h-x86_64-mingw32/bin/../lib/gcc/nios2-elf/5.2.0/mno-hw-mul\libgcc.a(lib2-divmod.o)
 .bss           0x0000000000002ed4        0x0 ../proyecto3_bsp/\libhal_bsp.a(alt_load.o)
 .bss           0x0000000000002ed4        0x0 ../proyecto3_bsp/\libhal_bsp.a(alt_main.o)
 .bss           0x0000000000002ed4        0x0 ../proyecto3_bsp/\libhal_bsp.a(alt_write.o)
 .bss           0x0000000000002ed4        0x0 ../proyecto3_bsp/\libhal_bsp.a(alt_sys_init.o)
 .bss           0x0000000000002ed4        0x0 ../proyecto3_bsp/\libhal_bsp.a(altera_avalon_jtag_uart_fd.o)
 .bss           0x0000000000002ed4        0x0 ../proyecto3_bsp/\libhal_bsp.a(altera_avalon_jtag_uart_read.o)
 .bss           0x0000000000002ed4        0x0 ../proyecto3_bsp/\libhal_bsp.a(altera_avalon_jtag_uart_write.o)
 .bss           0x0000000000002ed4        0x0 ../proyecto3_bsp/\libhal_bsp.a(altera_avalon_spi.o)
 .bss           0x0000000000002ed4        0x0 ../proyecto3_bsp/\libhal_bsp.a(altera_avalon_timer_sc.o)
 .bss           0x0000000000002ed4        0x0 ../proyecto3_bsp/\libhal_bsp.a(alt_close.o)
 .bss           0x0000000000002ed4        0x0 ../proyecto3_bsp/\libhal_bsp.a(alt_dcache_flush_all.o)
 .bss           0x0000000000002ed4        0x0 ../proyecto3_bsp/\libhal_bsp.a(alt_dev.o)
 .bss           0x0000000000002ed4        0x0 ../proyecto3_bsp/\libhal_bsp.a(alt_dev_llist_insert.o)
 .bss           0x0000000000002ed4        0x0 ../proyecto3_bsp/\libhal_bsp.a(alt_errno.o)
 .bss           0x0000000000002ed4        0x0 ../proyecto3_bsp/\libhal_bsp.a(alt_icache_flush_all.o)
 .bss           0x0000000000002ed4        0x0 ../proyecto3_bsp/\libhal_bsp.a(alt_iic.o)
 .bss           0x0000000000002ed4        0x0 ../proyecto3_bsp/\libhal_bsp.a(alt_iic_isr_register.o)
 .bss           0x0000000000002ed4        0x0 ../proyecto3_bsp/\libhal_bsp.a(alt_io_redirect.o)
 .bss           0x0000000000002ed4        0x0 ../proyecto3_bsp/\libhal_bsp.a(alt_irq_entry.o)
 .bss           0x0000000000002ed4        0x0 ../proyecto3_bsp/\libhal_bsp.a(alt_irq_handler.o)
 .bss           0x0000000000002ed4        0x0 ../proyecto3_bsp/\libhal_bsp.a(alt_irq_vars.o)
 .bss           0x0000000000002ed4        0x0 ../proyecto3_bsp/\libhal_bsp.a(alt_open.o)
 .bss           0x0000000000002ed4        0x0 ../proyecto3_bsp/\libhal_bsp.a(alt_release_fd.o)
 .bss           0x0000000000002ed4        0x0 ../proyecto3_bsp/\libhal_bsp.a(alt_tick.o)
 .bss           0x0000000000002ed4        0x0 ../proyecto3_bsp/\libhal_bsp.a(altera_nios2_gen2_irq.o)
 .bss           0x0000000000002ed4        0x0 ../proyecto3_bsp/\libhal_bsp.a(alt_exception_entry.o)
 .bss           0x0000000000002ed4        0x0 ../proyecto3_bsp/\libhal_bsp.a(alt_find_dev.o)
 .bss           0x0000000000002ed4        0x0 ../proyecto3_bsp/\libhal_bsp.a(alt_find_file.o)
 .bss           0x0000000000002ed4        0x0 ../proyecto3_bsp/\libhal_bsp.a(alt_get_fd.o)
 .bss           0x0000000000002ed4        0x0 ../proyecto3_bsp/\libhal_bsp.a(alt_instruction_exception_entry.o)
 .bss           0x0000000000002ed4        0x0 c:/altera_lite/16.0/nios2eds/bin/gnu/h-x86_64-mingw32/bin/../lib/gcc/nios2-elf/5.2.0/../../../../../H-x86_64-mingw32/nios2-elf/lib/mno-hw-mul\libsmallc.a(lib_a-exit.o)
 .bss           0x0000000000002ed4        0x0 c:/altera_lite/16.0/nios2eds/bin/gnu/h-x86_64-mingw32/bin/../lib/gcc/nios2-elf/5.2.0/../../../../../H-x86_64-mingw32/nios2-elf/lib/mno-hw-mul\libsmallc.a(lib_a-memcmp.o)
 .bss           0x0000000000002ed4        0x0 c:/altera_lite/16.0/nios2eds/bin/gnu/h-x86_64-mingw32/bin/../lib/gcc/nios2-elf/5.2.0/../../../../../H-x86_64-mingw32/nios2-elf/lib/mno-hw-mul\libsmallc.a(lib_a-__call_atexit.o)
 .bss           0x0000000000002ed4        0x0 ../proyecto3_bsp/\libhal_bsp.a(alt_exit.o)
 *(COMMON)
 COMMON         0x0000000000002ed4      0x100 ../proyecto3_bsp/\libhal_bsp.a(alt_irq_handler.o)
                0x0000000000002ed4                alt_irq
                0x0000000000002fd4                . = ALIGN (0x4)
                0x0000000000002fd4                __bss_end = ABSOLUTE (.)

.on_chip_memory
                0x0000000000002fd4        0x0
                [!provide]                        PROVIDE (_alt_partition_on_chip_memory_start, ABSOLUTE (.))
 *(.on_chip_memory .on_chip_memory. on_chip_memory.*)
                0x0000000000002fd4                . = ALIGN (0x4)
                [!provide]                        PROVIDE (_alt_partition_on_chip_memory_end, ABSOLUTE (.))
                0x0000000000002fd4                _end = ABSOLUTE (.)
                0x0000000000002fd4                end = ABSOLUTE (.)
                0x0000000000002fd4                __alt_stack_base = ABSOLUTE (.)
                [!provide]                        PROVIDE (_alt_partition_on_chip_memory_load_addr, LOADADDR (.on_chip_memory))

.stab
 *(.stab)

.stabstr
 *(.stabstr)

.stab.excl
 *(.stab.excl)

.stab.exclstr
 *(.stab.exclstr)

.stab.index
 *(.stab.index)

.stab.indexstr
 *(.stab.indexstr)

.comment        0x0000000000000000       0x23
 *(.comment)
 .comment       0x0000000000000000       0x23 obj/default/hello_world.o
                                         0x24 (size before relaxing)
 .comment       0x0000000000000023       0x24 c:/altera_lite/16.0/nios2eds/bin/gnu/h-x86_64-mingw32/bin/../lib/gcc/nios2-elf/5.2.0/mno-hw-mul\libgcc.a(lib2-mul.o)
 .comment       0x0000000000000023       0x24 c:/altera_lite/16.0/nios2eds/bin/gnu/h-x86_64-mingw32/bin/../lib/gcc/nios2-elf/5.2.0/../../../../../H-x86_64-mingw32/nios2-elf/lib/mno-hw-mul\libsmallc.a(lib_a-printf.o)
 .comment       0x0000000000000023       0x24 c:/altera_lite/16.0/nios2eds/bin/gnu/h-x86_64-mingw32/bin/../lib/gcc/nios2-elf/5.2.0/../../../../../H-x86_64-mingw32/nios2-elf/lib/mno-hw-mul\libsmallc.a(lib_a-vfprintf.o)
 .comment       0x0000000000000023       0x24 c:/altera_lite/16.0/nios2eds/bin/gnu/h-x86_64-mingw32/bin/../lib/gcc/nios2-elf/5.2.0/../../../../../H-x86_64-mingw32/nios2-elf/lib/mno-hw-mul\libsmallc.a(lib_a-fvwrite_small_dev.o)
 .comment       0x0000000000000023       0x24 c:/altera_lite/16.0/nios2eds/bin/gnu/h-x86_64-mingw32/bin/../lib/gcc/nios2-elf/5.2.0/../../../../../H-x86_64-mingw32/nios2-elf/lib/mno-hw-mul\libsmallc.a(lib_a-impure.o)
 .comment       0x0000000000000023       0x24 c:/altera_lite/16.0/nios2eds/bin/gnu/h-x86_64-mingw32/bin/../lib/gcc/nios2-elf/5.2.0/../../../../../H-x86_64-mingw32/nios2-elf/lib/mno-hw-mul\libsmallc.a(lib_a-strlen.o)
 .comment       0x0000000000000023       0x24 c:/altera_lite/16.0/nios2eds/bin/gnu/h-x86_64-mingw32/bin/../lib/gcc/nios2-elf/5.2.0/../../../../../H-x86_64-mingw32/nios2-elf/lib/mno-hw-mul\libsmallc.a(lib_a-writer.o)
 .comment       0x0000000000000023       0x24 c:/altera_lite/16.0/nios2eds/bin/gnu/h-x86_64-mingw32/bin/../lib/gcc/nios2-elf/5.2.0/../../../../../H-x86_64-mingw32/nios2-elf/lib/mno-hw-mul\libsmallc.a(lib_a-int_errno.o)
 .comment       0x0000000000000023       0x24 c:/altera_lite/16.0/nios2eds/bin/gnu/h-x86_64-mingw32/bin/../lib/gcc/nios2-elf/5.2.0/mno-hw-mul\libgcc.a(lib2-divmod.o)
 .comment       0x0000000000000023       0x24 ../proyecto3_bsp/\libhal_bsp.a(alt_load.o)
 .comment       0x0000000000000023       0x24 ../proyecto3_bsp/\libhal_bsp.a(alt_main.o)
 .comment       0x0000000000000023       0x24 ../proyecto3_bsp/\libhal_bsp.a(alt_write.o)
 .comment       0x0000000000000023       0x24 ../proyecto3_bsp/\libhal_bsp.a(alt_sys_init.o)
 .comment       0x0000000000000023       0x24 ../proyecto3_bsp/\libhal_bsp.a(altera_avalon_jtag_uart_fd.o)
 .comment       0x0000000000000023       0x24 ../proyecto3_bsp/\libhal_bsp.a(altera_avalon_jtag_uart_read.o)
 .comment       0x0000000000000023       0x24 ../proyecto3_bsp/\libhal_bsp.a(altera_avalon_jtag_uart_write.o)
 .comment       0x0000000000000023       0x24 ../proyecto3_bsp/\libhal_bsp.a(altera_avalon_spi.o)
 .comment       0x0000000000000023       0x24 ../proyecto3_bsp/\libhal_bsp.a(altera_avalon_timer_sc.o)
 .comment       0x0000000000000023       0x24 ../proyecto3_bsp/\libhal_bsp.a(alt_close.o)
 .comment       0x0000000000000023       0x24 ../proyecto3_bsp/\libhal_bsp.a(alt_dcache_flush_all.o)
 .comment       0x0000000000000023       0x24 ../proyecto3_bsp/\libhal_bsp.a(alt_dev.o)
 .comment       0x0000000000000023       0x24 ../proyecto3_bsp/\libhal_bsp.a(alt_dev_llist_insert.o)
 .comment       0x0000000000000023       0x24 ../proyecto3_bsp/\libhal_bsp.a(alt_errno.o)
 .comment       0x0000000000000023       0x24 ../proyecto3_bsp/\libhal_bsp.a(alt_icache_flush_all.o)
 .comment       0x0000000000000023       0x24 ../proyecto3_bsp/\libhal_bsp.a(alt_iic.o)
 .comment       0x0000000000000023       0x24 ../proyecto3_bsp/\libhal_bsp.a(alt_iic_isr_register.o)
 .comment       0x0000000000000023       0x24 ../proyecto3_bsp/\libhal_bsp.a(alt_io_redirect.o)
 .comment       0x0000000000000023       0x24 ../proyecto3_bsp/\libhal_bsp.a(alt_irq_handler.o)
 .comment       0x0000000000000023       0x24 ../proyecto3_bsp/\libhal_bsp.a(alt_irq_vars.o)
 .comment       0x0000000000000023       0x24 ../proyecto3_bsp/\libhal_bsp.a(alt_open.o)
 .comment       0x0000000000000023       0x24 ../proyecto3_bsp/\libhal_bsp.a(alt_release_fd.o)
 .comment       0x0000000000000023       0x24 ../proyecto3_bsp/\libhal_bsp.a(alt_tick.o)
 .comment       0x0000000000000023       0x24 ../proyecto3_bsp/\libhal_bsp.a(altera_nios2_gen2_irq.o)
 .comment       0x0000000000000023       0x24 ../proyecto3_bsp/\libhal_bsp.a(alt_find_dev.o)
 .comment       0x0000000000000023       0x24 ../proyecto3_bsp/\libhal_bsp.a(alt_find_file.o)
 .comment       0x0000000000000023       0x24 ../proyecto3_bsp/\libhal_bsp.a(alt_get_fd.o)
 .comment       0x0000000000000023       0x24 ../proyecto3_bsp/\libhal_bsp.a(alt_instruction_exception_entry.o)
 .comment       0x0000000000000023       0x24 c:/altera_lite/16.0/nios2eds/bin/gnu/h-x86_64-mingw32/bin/../lib/gcc/nios2-elf/5.2.0/../../../../../H-x86_64-mingw32/nios2-elf/lib/mno-hw-mul\libsmallc.a(lib_a-exit.o)
 .comment       0x0000000000000023       0x24 c:/altera_lite/16.0/nios2eds/bin/gnu/h-x86_64-mingw32/bin/../lib/gcc/nios2-elf/5.2.0/../../../../../H-x86_64-mingw32/nios2-elf/lib/mno-hw-mul\libsmallc.a(lib_a-memcmp.o)
 .comment       0x0000000000000023       0x24 c:/altera_lite/16.0/nios2eds/bin/gnu/h-x86_64-mingw32/bin/../lib/gcc/nios2-elf/5.2.0/../../../../../H-x86_64-mingw32/nios2-elf/lib/mno-hw-mul\libsmallc.a(lib_a-__call_atexit.o)
 .comment       0x0000000000000023       0x24 ../proyecto3_bsp/\libhal_bsp.a(alt_exit.o)

.debug
 *(.debug)

.line
 *(.line)

.debug_srcinfo
 *(.debug_srcinfo)

.debug_sfnames
 *(.debug_sfnames)

.debug_aranges  0x0000000000000000      0x5d0
 *(.debug_aranges)
 .debug_aranges
                0x0000000000000000       0x28 ../proyecto3_bsp//obj/HAL/src/crt0.o
 .debug_aranges
                0x0000000000000028       0x20 obj/default/hello_world.o
 .debug_aranges
                0x0000000000000048       0x20 c:/altera_lite/16.0/nios2eds/bin/gnu/h-x86_64-mingw32/bin/../lib/gcc/nios2-elf/5.2.0/mno-hw-mul\libgcc.a(lib2-mul.o)
 .debug_aranges
                0x0000000000000068       0x28 c:/altera_lite/16.0/nios2eds/bin/gnu/h-x86_64-mingw32/bin/../lib/gcc/nios2-elf/5.2.0/../../../../../H-x86_64-mingw32/nios2-elf/lib/mno-hw-mul\libsmallc.a(lib_a-printf.o)
 .debug_aranges
                0x0000000000000090       0x30 c:/altera_lite/16.0/nios2eds/bin/gnu/h-x86_64-mingw32/bin/../lib/gcc/nios2-elf/5.2.0/../../../../../H-x86_64-mingw32/nios2-elf/lib/mno-hw-mul\libsmallc.a(lib_a-vfprintf.o)
 .debug_aranges
                0x00000000000000c0       0x20 c:/altera_lite/16.0/nios2eds/bin/gnu/h-x86_64-mingw32/bin/../lib/gcc/nios2-elf/5.2.0/../../../../../H-x86_64-mingw32/nios2-elf/lib/mno-hw-mul\libsmallc.a(lib_a-fvwrite_small_dev.o)
 .debug_aranges
                0x00000000000000e0       0x18 c:/altera_lite/16.0/nios2eds/bin/gnu/h-x86_64-mingw32/bin/../lib/gcc/nios2-elf/5.2.0/../../../../../H-x86_64-mingw32/nios2-elf/lib/mno-hw-mul\libsmallc.a(lib_a-impure.o)
 .debug_aranges
                0x00000000000000f8       0x20 c:/altera_lite/16.0/nios2eds/bin/gnu/h-x86_64-mingw32/bin/../lib/gcc/nios2-elf/5.2.0/../../../../../H-x86_64-mingw32/nios2-elf/lib/mno-hw-mul\libsmallc.a(lib_a-strlen.o)
 .debug_aranges
                0x0000000000000118       0x20 c:/altera_lite/16.0/nios2eds/bin/gnu/h-x86_64-mingw32/bin/../lib/gcc/nios2-elf/5.2.0/../../../../../H-x86_64-mingw32/nios2-elf/lib/mno-hw-mul\libsmallc.a(lib_a-writer.o)
 .debug_aranges
                0x0000000000000138       0x18 c:/altera_lite/16.0/nios2eds/bin/gnu/h-x86_64-mingw32/bin/../lib/gcc/nios2-elf/5.2.0/../../../../../H-x86_64-mingw32/nios2-elf/lib/mno-hw-mul\libsmallc.a(lib_a-int_errno.o)
 .debug_aranges
                0x0000000000000150       0x20 c:/altera_lite/16.0/nios2eds/bin/gnu/h-x86_64-mingw32/bin/../lib/gcc/nios2-elf/5.2.0/mno-hw-mul\libgcc.a(lib2-divmod.o)
 .debug_aranges
                0x0000000000000170       0x20 ../proyecto3_bsp/\libhal_bsp.a(alt_load.o)
 .debug_aranges
                0x0000000000000190       0x20 ../proyecto3_bsp/\libhal_bsp.a(alt_main.o)
 .debug_aranges
                0x00000000000001b0       0x20 ../proyecto3_bsp/\libhal_bsp.a(alt_write.o)
 .debug_aranges
                0x00000000000001d0       0x20 ../proyecto3_bsp/\libhal_bsp.a(alt_sys_init.o)
 .debug_aranges
                0x00000000000001f0       0x20 ../proyecto3_bsp/\libhal_bsp.a(altera_avalon_jtag_uart_fd.o)
 .debug_aranges
                0x0000000000000210       0x20 ../proyecto3_bsp/\libhal_bsp.a(altera_avalon_jtag_uart_read.o)
 .debug_aranges
                0x0000000000000230       0x20 ../proyecto3_bsp/\libhal_bsp.a(altera_avalon_jtag_uart_write.o)
 .debug_aranges
                0x0000000000000250       0x20 ../proyecto3_bsp/\libhal_bsp.a(altera_avalon_spi.o)
 .debug_aranges
                0x0000000000000270       0x20 ../proyecto3_bsp/\libhal_bsp.a(altera_avalon_timer_sc.o)
 .debug_aranges
                0x0000000000000290       0x20 ../proyecto3_bsp/\libhal_bsp.a(alt_close.o)
 .debug_aranges
                0x00000000000002b0       0x20 ../proyecto3_bsp/\libhal_bsp.a(alt_dcache_flush_all.o)
 .debug_aranges
                0x00000000000002d0       0x20 ../proyecto3_bsp/\libhal_bsp.a(alt_dev.o)
 .debug_aranges
                0x00000000000002f0       0x20 ../proyecto3_bsp/\libhal_bsp.a(alt_dev_llist_insert.o)
 .debug_aranges
                0x0000000000000310       0x18 ../proyecto3_bsp/\libhal_bsp.a(alt_errno.o)
 .debug_aranges
                0x0000000000000328       0x20 ../proyecto3_bsp/\libhal_bsp.a(alt_icache_flush_all.o)
 .debug_aranges
                0x0000000000000348       0x20 ../proyecto3_bsp/\libhal_bsp.a(alt_iic.o)
 .debug_aranges
                0x0000000000000368       0x20 ../proyecto3_bsp/\libhal_bsp.a(alt_iic_isr_register.o)
 .debug_aranges
                0x0000000000000388       0x20 ../proyecto3_bsp/\libhal_bsp.a(alt_io_redirect.o)
 .debug_aranges
                0x00000000000003a8       0x30 ../proyecto3_bsp/\libhal_bsp.a(alt_irq_entry.o)
 .debug_aranges
                0x00000000000003d8       0x20 ../proyecto3_bsp/\libhal_bsp.a(alt_irq_handler.o)
 .debug_aranges
                0x00000000000003f8       0x18 ../proyecto3_bsp/\libhal_bsp.a(alt_irq_vars.o)
 .debug_aranges
                0x0000000000000410       0x20 ../proyecto3_bsp/\libhal_bsp.a(alt_open.o)
 .debug_aranges
                0x0000000000000430       0x20 ../proyecto3_bsp/\libhal_bsp.a(alt_release_fd.o)
 .debug_aranges
                0x0000000000000450       0x20 ../proyecto3_bsp/\libhal_bsp.a(alt_tick.o)
 .debug_aranges
                0x0000000000000470       0x20 ../proyecto3_bsp/\libhal_bsp.a(altera_nios2_gen2_irq.o)
 .debug_aranges
                0x0000000000000490       0x38 ../proyecto3_bsp/\libhal_bsp.a(alt_exception_entry.o)
 .debug_aranges
                0x00000000000004c8       0x20 ../proyecto3_bsp/\libhal_bsp.a(alt_find_dev.o)
 .debug_aranges
                0x00000000000004e8       0x20 ../proyecto3_bsp/\libhal_bsp.a(alt_find_file.o)
 .debug_aranges
                0x0000000000000508       0x20 ../proyecto3_bsp/\libhal_bsp.a(alt_get_fd.o)
 .debug_aranges
                0x0000000000000528       0x28 ../proyecto3_bsp/\libhal_bsp.a(alt_instruction_exception_entry.o)
 .debug_aranges
                0x0000000000000550       0x20 c:/altera_lite/16.0/nios2eds/bin/gnu/h-x86_64-mingw32/bin/../lib/gcc/nios2-elf/5.2.0/../../../../../H-x86_64-mingw32/nios2-elf/lib/mno-hw-mul\libsmallc.a(lib_a-exit.o)
 .debug_aranges
                0x0000000000000570       0x20 c:/altera_lite/16.0/nios2eds/bin/gnu/h-x86_64-mingw32/bin/../lib/gcc/nios2-elf/5.2.0/../../../../../H-x86_64-mingw32/nios2-elf/lib/mno-hw-mul\libsmallc.a(lib_a-memcmp.o)
 .debug_aranges
                0x0000000000000590       0x20 c:/altera_lite/16.0/nios2eds/bin/gnu/h-x86_64-mingw32/bin/../lib/gcc/nios2-elf/5.2.0/../../../../../H-x86_64-mingw32/nios2-elf/lib/mno-hw-mul\libsmallc.a(lib_a-__call_atexit.o)
 .debug_aranges
                0x00000000000005b0       0x20 ../proyecto3_bsp/\libhal_bsp.a(alt_exit.o)

.debug_pubnames
 *(.debug_pubnames)

.debug_info     0x0000000000000000     0x7629
 *(.debug_info .gnu.linkonce.wi.*)
 .debug_info    0x0000000000000000       0x89 ../proyecto3_bsp//obj/HAL/src/crt0.o
 .debug_info    0x0000000000000089      0x178 obj/default/hello_world.o
 .debug_info    0x0000000000000201       0xb4 c:/altera_lite/16.0/nios2eds/bin/gnu/h-x86_64-mingw32/bin/../lib/gcc/nios2-elf/5.2.0/mno-hw-mul\libgcc.a(lib2-mul.o)
 .debug_info    0x00000000000002b5      0x699 c:/altera_lite/16.0/nios2eds/bin/gnu/h-x86_64-mingw32/bin/../lib/gcc/nios2-elf/5.2.0/../../../../../H-x86_64-mingw32/nios2-elf/lib/mno-hw-mul\libsmallc.a(lib_a-printf.o)
 .debug_info    0x000000000000094e      0xb2b c:/altera_lite/16.0/nios2eds/bin/gnu/h-x86_64-mingw32/bin/../lib/gcc/nios2-elf/5.2.0/../../../../../H-x86_64-mingw32/nios2-elf/lib/mno-hw-mul\libsmallc.a(lib_a-vfprintf.o)
 .debug_info    0x0000000000001479      0x62b c:/altera_lite/16.0/nios2eds/bin/gnu/h-x86_64-mingw32/bin/../lib/gcc/nios2-elf/5.2.0/../../../../../H-x86_64-mingw32/nios2-elf/lib/mno-hw-mul\libsmallc.a(lib_a-fvwrite_small_dev.o)
 .debug_info    0x0000000000001aa4      0x5a9 c:/altera_lite/16.0/nios2eds/bin/gnu/h-x86_64-mingw32/bin/../lib/gcc/nios2-elf/5.2.0/../../../../../H-x86_64-mingw32/nios2-elf/lib/mno-hw-mul\libsmallc.a(lib_a-impure.o)
 .debug_info    0x000000000000204d       0xc9 c:/altera_lite/16.0/nios2eds/bin/gnu/h-x86_64-mingw32/bin/../lib/gcc/nios2-elf/5.2.0/../../../../../H-x86_64-mingw32/nios2-elf/lib/mno-hw-mul\libsmallc.a(lib_a-strlen.o)
 .debug_info    0x0000000000002116      0x630 c:/altera_lite/16.0/nios2eds/bin/gnu/h-x86_64-mingw32/bin/../lib/gcc/nios2-elf/5.2.0/../../../../../H-x86_64-mingw32/nios2-elf/lib/mno-hw-mul\libsmallc.a(lib_a-writer.o)
 .debug_info    0x0000000000002746       0x8a c:/altera_lite/16.0/nios2eds/bin/gnu/h-x86_64-mingw32/bin/../lib/gcc/nios2-elf/5.2.0/../../../../../H-x86_64-mingw32/nios2-elf/lib/mno-hw-mul\libsmallc.a(lib_a-int_errno.o)
 .debug_info    0x00000000000027d0      0x2c3 c:/altera_lite/16.0/nios2eds/bin/gnu/h-x86_64-mingw32/bin/../lib/gcc/nios2-elf/5.2.0/mno-hw-mul\libgcc.a(lib2-divmod.o)
 .debug_info    0x0000000000002a93      0x145 ../proyecto3_bsp/\libhal_bsp.a(alt_load.o)
 .debug_info    0x0000000000002bd8      0x131 ../proyecto3_bsp/\libhal_bsp.a(alt_main.o)
 .debug_info    0x0000000000002d09      0x4b7 ../proyecto3_bsp/\libhal_bsp.a(alt_write.o)
 .debug_info    0x00000000000031c0      0x3df ../proyecto3_bsp/\libhal_bsp.a(alt_sys_init.o)
 .debug_info    0x000000000000359f      0x3a7 ../proyecto3_bsp/\libhal_bsp.a(altera_avalon_jtag_uart_fd.o)
 .debug_info    0x0000000000003946      0x1b2 ../proyecto3_bsp/\libhal_bsp.a(altera_avalon_jtag_uart_read.o)
 .debug_info    0x0000000000003af8      0x195 ../proyecto3_bsp/\libhal_bsp.a(altera_avalon_jtag_uart_write.o)
 .debug_info    0x0000000000003c8d      0x18d ../proyecto3_bsp/\libhal_bsp.a(altera_avalon_spi.o)
 .debug_info    0x0000000000003e1a      0x226 ../proyecto3_bsp/\libhal_bsp.a(altera_avalon_timer_sc.o)
 .debug_info    0x0000000000004040      0x321 ../proyecto3_bsp/\libhal_bsp.a(alt_close.o)
 .debug_info    0x0000000000004361       0x92 ../proyecto3_bsp/\libhal_bsp.a(alt_dcache_flush_all.o)
 .debug_info    0x00000000000043f3      0x49c ../proyecto3_bsp/\libhal_bsp.a(alt_dev.o)
 .debug_info    0x000000000000488f      0x1a9 ../proyecto3_bsp/\libhal_bsp.a(alt_dev_llist_insert.o)
 .debug_info    0x0000000000004a38       0xa6 ../proyecto3_bsp/\libhal_bsp.a(alt_errno.o)
 .debug_info    0x0000000000004ade       0x92 ../proyecto3_bsp/\libhal_bsp.a(alt_icache_flush_all.o)
 .debug_info    0x0000000000004b70      0x350 ../proyecto3_bsp/\libhal_bsp.a(alt_iic.o)
 .debug_info    0x0000000000004ec0      0x1ef ../proyecto3_bsp/\libhal_bsp.a(alt_iic_isr_register.o)
 .debug_info    0x00000000000050af      0x4a5 ../proyecto3_bsp/\libhal_bsp.a(alt_io_redirect.o)
 .debug_info    0x0000000000005554       0x92 ../proyecto3_bsp/\libhal_bsp.a(alt_irq_entry.o)
 .debug_info    0x00000000000055e6      0x187 ../proyecto3_bsp/\libhal_bsp.a(alt_irq_handler.o)
 .debug_info    0x000000000000576d       0x88 ../proyecto3_bsp/\libhal_bsp.a(alt_irq_vars.o)
 .debug_info    0x00000000000057f5      0x3bb ../proyecto3_bsp/\libhal_bsp.a(alt_open.o)
 .debug_info    0x0000000000005bb0      0x2b0 ../proyecto3_bsp/\libhal_bsp.a(alt_release_fd.o)
 .debug_info    0x0000000000005e60      0x299 ../proyecto3_bsp/\libhal_bsp.a(alt_tick.o)
 .debug_info    0x00000000000060f9       0x92 ../proyecto3_bsp/\libhal_bsp.a(altera_nios2_gen2_irq.o)
 .debug_info    0x000000000000618b       0x98 ../proyecto3_bsp/\libhal_bsp.a(alt_exception_entry.o)
 .debug_info    0x0000000000006223      0x2e9 ../proyecto3_bsp/\libhal_bsp.a(alt_find_dev.o)
 .debug_info    0x000000000000650c      0x2e6 ../proyecto3_bsp/\libhal_bsp.a(alt_find_file.o)
 .debug_info    0x00000000000067f2      0x310 ../proyecto3_bsp/\libhal_bsp.a(alt_get_fd.o)
 .debug_info    0x0000000000006b02      0x1e7 ../proyecto3_bsp/\libhal_bsp.a(alt_instruction_exception_entry.o)
 .debug_info    0x0000000000006ce9       0xe5 c:/altera_lite/16.0/nios2eds/bin/gnu/h-x86_64-mingw32/bin/../lib/gcc/nios2-elf/5.2.0/../../../../../H-x86_64-mingw32/nios2-elf/lib/mno-hw-mul\libsmallc.a(lib_a-exit.o)
 .debug_info    0x0000000000006dce       0xf4 c:/altera_lite/16.0/nios2eds/bin/gnu/h-x86_64-mingw32/bin/../lib/gcc/nios2-elf/5.2.0/../../../../../H-x86_64-mingw32/nios2-elf/lib/mno-hw-mul\libsmallc.a(lib_a-memcmp.o)
 .debug_info    0x0000000000006ec2      0x67b c:/altera_lite/16.0/nios2eds/bin/gnu/h-x86_64-mingw32/bin/../lib/gcc/nios2-elf/5.2.0/../../../../../H-x86_64-mingw32/nios2-elf/lib/mno-hw-mul\libsmallc.a(lib_a-__call_atexit.o)
 .debug_info    0x000000000000753d       0xec ../proyecto3_bsp/\libhal_bsp.a(alt_exit.o)

.debug_abbrev   0x0000000000000000     0x290f
 *(.debug_abbrev)
 .debug_abbrev  0x0000000000000000       0x12 ../proyecto3_bsp//obj/HAL/src/crt0.o
 .debug_abbrev  0x0000000000000012       0xa8 obj/default/hello_world.o
 .debug_abbrev  0x00000000000000ba       0x6f c:/altera_lite/16.0/nios2eds/bin/gnu/h-x86_64-mingw32/bin/../lib/gcc/nios2-elf/5.2.0/mno-hw-mul\libgcc.a(lib2-mul.o)
 .debug_abbrev  0x0000000000000129      0x1ee c:/altera_lite/16.0/nios2eds/bin/gnu/h-x86_64-mingw32/bin/../lib/gcc/nios2-elf/5.2.0/../../../../../H-x86_64-mingw32/nios2-elf/lib/mno-hw-mul\libsmallc.a(lib_a-printf.o)
 .debug_abbrev  0x0000000000000317      0x2a1 c:/altera_lite/16.0/nios2eds/bin/gnu/h-x86_64-mingw32/bin/../lib/gcc/nios2-elf/5.2.0/../../../../../H-x86_64-mingw32/nios2-elf/lib/mno-hw-mul\libsmallc.a(lib_a-vfprintf.o)
 .debug_abbrev  0x00000000000005b8      0x1bc c:/altera_lite/16.0/nios2eds/bin/gnu/h-x86_64-mingw32/bin/../lib/gcc/nios2-elf/5.2.0/../../../../../H-x86_64-mingw32/nios2-elf/lib/mno-hw-mul\libsmallc.a(lib_a-fvwrite_small_dev.o)
 .debug_abbrev  0x0000000000000774      0x14a c:/altera_lite/16.0/nios2eds/bin/gnu/h-x86_64-mingw32/bin/../lib/gcc/nios2-elf/5.2.0/../../../../../H-x86_64-mingw32/nios2-elf/lib/mno-hw-mul\libsmallc.a(lib_a-impure.o)
 .debug_abbrev  0x00000000000008be       0x7f c:/altera_lite/16.0/nios2eds/bin/gnu/h-x86_64-mingw32/bin/../lib/gcc/nios2-elf/5.2.0/../../../../../H-x86_64-mingw32/nios2-elf/lib/mno-hw-mul\libsmallc.a(lib_a-strlen.o)
 .debug_abbrev  0x000000000000093d      0x1a6 c:/altera_lite/16.0/nios2eds/bin/gnu/h-x86_64-mingw32/bin/../lib/gcc/nios2-elf/5.2.0/../../../../../H-x86_64-mingw32/nios2-elf/lib/mno-hw-mul\libsmallc.a(lib_a-writer.o)
 .debug_abbrev  0x0000000000000ae3       0x37 c:/altera_lite/16.0/nios2eds/bin/gnu/h-x86_64-mingw32/bin/../lib/gcc/nios2-elf/5.2.0/../../../../../H-x86_64-mingw32/nios2-elf/lib/mno-hw-mul\libsmallc.a(lib_a-int_errno.o)
 .debug_abbrev  0x0000000000000b1a      0x10e c:/altera_lite/16.0/nios2eds/bin/gnu/h-x86_64-mingw32/bin/../lib/gcc/nios2-elf/5.2.0/mno-hw-mul\libgcc.a(lib2-divmod.o)
 .debug_abbrev  0x0000000000000c28       0x9f ../proyecto3_bsp/\libhal_bsp.a(alt_load.o)
 .debug_abbrev  0x0000000000000cc7       0xba ../proyecto3_bsp/\libhal_bsp.a(alt_main.o)
 .debug_abbrev  0x0000000000000d81      0x133 ../proyecto3_bsp/\libhal_bsp.a(alt_write.o)
 .debug_abbrev  0x0000000000000eb4      0x157 ../proyecto3_bsp/\libhal_bsp.a(alt_sys_init.o)
 .debug_abbrev  0x000000000000100b       0xf7 ../proyecto3_bsp/\libhal_bsp.a(altera_avalon_jtag_uart_fd.o)
 .debug_abbrev  0x0000000000001102       0xd5 ../proyecto3_bsp/\libhal_bsp.a(altera_avalon_jtag_uart_read.o)
 .debug_abbrev  0x00000000000011d7       0xd5 ../proyecto3_bsp/\libhal_bsp.a(altera_avalon_jtag_uart_write.o)
 .debug_abbrev  0x00000000000012ac       0x8a ../proyecto3_bsp/\libhal_bsp.a(altera_avalon_spi.o)
 .debug_abbrev  0x0000000000001336      0x155 ../proyecto3_bsp/\libhal_bsp.a(altera_avalon_timer_sc.o)
 .debug_abbrev  0x000000000000148b      0x11f ../proyecto3_bsp/\libhal_bsp.a(alt_close.o)
 .debug_abbrev  0x00000000000015aa       0x42 ../proyecto3_bsp/\libhal_bsp.a(alt_dcache_flush_all.o)
 .debug_abbrev  0x00000000000015ec       0xd9 ../proyecto3_bsp/\libhal_bsp.a(alt_dev.o)
 .debug_abbrev  0x00000000000016c5      0x114 ../proyecto3_bsp/\libhal_bsp.a(alt_dev_llist_insert.o)
 .debug_abbrev  0x00000000000017d9       0x5a ../proyecto3_bsp/\libhal_bsp.a(alt_errno.o)
 .debug_abbrev  0x0000000000001833       0x42 ../proyecto3_bsp/\libhal_bsp.a(alt_icache_flush_all.o)
 .debug_abbrev  0x0000000000001875      0x163 ../proyecto3_bsp/\libhal_bsp.a(alt_iic.o)
 .debug_abbrev  0x00000000000019d8      0x169 ../proyecto3_bsp/\libhal_bsp.a(alt_iic_isr_register.o)
 .debug_abbrev  0x0000000000001b41      0x114 ../proyecto3_bsp/\libhal_bsp.a(alt_io_redirect.o)
 .debug_abbrev  0x0000000000001c55       0x12 ../proyecto3_bsp/\libhal_bsp.a(alt_irq_entry.o)
 .debug_abbrev  0x0000000000001c67      0x122 ../proyecto3_bsp/\libhal_bsp.a(alt_irq_handler.o)
 .debug_abbrev  0x0000000000001d89       0x40 ../proyecto3_bsp/\libhal_bsp.a(alt_irq_vars.o)
 .debug_abbrev  0x0000000000001dc9      0x148 ../proyecto3_bsp/\libhal_bsp.a(alt_open.o)
 .debug_abbrev  0x0000000000001f11       0xde ../proyecto3_bsp/\libhal_bsp.a(alt_release_fd.o)
 .debug_abbrev  0x0000000000001fef      0x15a ../proyecto3_bsp/\libhal_bsp.a(alt_tick.o)
 .debug_abbrev  0x0000000000002149       0x42 ../proyecto3_bsp/\libhal_bsp.a(altera_nios2_gen2_irq.o)
 .debug_abbrev  0x000000000000218b       0x12 ../proyecto3_bsp/\libhal_bsp.a(alt_exception_entry.o)
 .debug_abbrev  0x000000000000219d       0xf0 ../proyecto3_bsp/\libhal_bsp.a(alt_find_dev.o)
 .debug_abbrev  0x000000000000228d       0xf0 ../proyecto3_bsp/\libhal_bsp.a(alt_find_file.o)
 .debug_abbrev  0x000000000000237d      0x10d ../proyecto3_bsp/\libhal_bsp.a(alt_get_fd.o)
 .debug_abbrev  0x000000000000248a       0xdc ../proyecto3_bsp/\libhal_bsp.a(alt_instruction_exception_entry.o)
 .debug_abbrev  0x0000000000002566       0x8b c:/altera_lite/16.0/nios2eds/bin/gnu/h-x86_64-mingw32/bin/../lib/gcc/nios2-elf/5.2.0/../../../../../H-x86_64-mingw32/nios2-elf/lib/mno-hw-mul\libsmallc.a(lib_a-exit.o)
 .debug_abbrev  0x00000000000025f1       0x7f c:/altera_lite/16.0/nios2eds/bin/gnu/h-x86_64-mingw32/bin/../lib/gcc/nios2-elf/5.2.0/../../../../../H-x86_64-mingw32/nios2-elf/lib/mno-hw-mul\libsmallc.a(lib_a-memcmp.o)
 .debug_abbrev  0x0000000000002670      0x1f6 c:/altera_lite/16.0/nios2eds/bin/gnu/h-x86_64-mingw32/bin/../lib/gcc/nios2-elf/5.2.0/../../../../../H-x86_64-mingw32/nios2-elf/lib/mno-hw-mul\libsmallc.a(lib_a-__call_atexit.o)
 .debug_abbrev  0x0000000000002866       0xa9 ../proyecto3_bsp/\libhal_bsp.a(alt_exit.o)

.debug_line     0x0000000000000000     0x2c64
 *(.debug_line)
 .debug_line    0x0000000000000000       0x66 ../proyecto3_bsp//obj/HAL/src/crt0.o
 .debug_line    0x0000000000000066       0x6f obj/default/hello_world.o
 .debug_line    0x00000000000000d5       0x80 c:/altera_lite/16.0/nios2eds/bin/gnu/h-x86_64-mingw32/bin/../lib/gcc/nios2-elf/5.2.0/mno-hw-mul\libgcc.a(lib2-mul.o)
 .debug_line    0x0000000000000155      0x203 c:/altera_lite/16.0/nios2eds/bin/gnu/h-x86_64-mingw32/bin/../lib/gcc/nios2-elf/5.2.0/../../../../../H-x86_64-mingw32/nios2-elf/lib/mno-hw-mul\libsmallc.a(lib_a-printf.o)
 .debug_line    0x0000000000000358      0x351 c:/altera_lite/16.0/nios2eds/bin/gnu/h-x86_64-mingw32/bin/../lib/gcc/nios2-elf/5.2.0/../../../../../H-x86_64-mingw32/nios2-elf/lib/mno-hw-mul\libsmallc.a(lib_a-vfprintf.o)
 .debug_line    0x00000000000006a9      0x1f0 c:/altera_lite/16.0/nios2eds/bin/gnu/h-x86_64-mingw32/bin/../lib/gcc/nios2-elf/5.2.0/../../../../../H-x86_64-mingw32/nios2-elf/lib/mno-hw-mul\libsmallc.a(lib_a-fvwrite_small_dev.o)
 .debug_line    0x0000000000000899      0x156 c:/altera_lite/16.0/nios2eds/bin/gnu/h-x86_64-mingw32/bin/../lib/gcc/nios2-elf/5.2.0/../../../../../H-x86_64-mingw32/nios2-elf/lib/mno-hw-mul\libsmallc.a(lib_a-impure.o)
 .debug_line    0x00000000000009ef      0x15c c:/altera_lite/16.0/nios2eds/bin/gnu/h-x86_64-mingw32/bin/../lib/gcc/nios2-elf/5.2.0/../../../../../H-x86_64-mingw32/nios2-elf/lib/mno-hw-mul\libsmallc.a(lib_a-strlen.o)
 .debug_line    0x0000000000000b4b      0x1ed c:/altera_lite/16.0/nios2eds/bin/gnu/h-x86_64-mingw32/bin/../lib/gcc/nios2-elf/5.2.0/../../../../../H-x86_64-mingw32/nios2-elf/lib/mno-hw-mul\libsmallc.a(lib_a-writer.o)
 .debug_line    0x0000000000000d38       0x5f c:/altera_lite/16.0/nios2eds/bin/gnu/h-x86_64-mingw32/bin/../lib/gcc/nios2-elf/5.2.0/../../../../../H-x86_64-mingw32/nios2-elf/lib/mno-hw-mul\libsmallc.a(lib_a-int_errno.o)
 .debug_line    0x0000000000000d97      0x105 c:/altera_lite/16.0/nios2eds/bin/gnu/h-x86_64-mingw32/bin/../lib/gcc/nios2-elf/5.2.0/mno-hw-mul\libgcc.a(lib2-divmod.o)
 .debug_line    0x0000000000000e9c       0x8e ../proyecto3_bsp/\libhal_bsp.a(alt_load.o)
 .debug_line    0x0000000000000f2a       0x9e ../proyecto3_bsp/\libhal_bsp.a(alt_main.o)
 .debug_line    0x0000000000000fc8      0x1d6 ../proyecto3_bsp/\libhal_bsp.a(alt_write.o)
 .debug_line    0x000000000000119e      0x142 ../proyecto3_bsp/\libhal_bsp.a(alt_sys_init.o)
 .debug_line    0x00000000000012e0      0x112 ../proyecto3_bsp/\libhal_bsp.a(altera_avalon_jtag_uart_fd.o)
 .debug_line    0x00000000000013f2       0xfd ../proyecto3_bsp/\libhal_bsp.a(altera_avalon_jtag_uart_read.o)
 .debug_line    0x00000000000014ef       0xf4 ../proyecto3_bsp/\libhal_bsp.a(altera_avalon_jtag_uart_write.o)
 .debug_line    0x00000000000015e3       0xb7 ../proyecto3_bsp/\libhal_bsp.a(altera_avalon_spi.o)
 .debug_line    0x000000000000169a       0xfd ../proyecto3_bsp/\libhal_bsp.a(altera_avalon_timer_sc.o)
 .debug_line    0x0000000000001797      0x163 ../proyecto3_bsp/\libhal_bsp.a(alt_close.o)
 .debug_line    0x00000000000018fa       0x51 ../proyecto3_bsp/\libhal_bsp.a(alt_dcache_flush_all.o)
 .debug_line    0x000000000000194b       0xf5 ../proyecto3_bsp/\libhal_bsp.a(alt_dev.o)
 .debug_line    0x0000000000001a40       0xd0 ../proyecto3_bsp/\libhal_bsp.a(alt_dev_llist_insert.o)
 .debug_line    0x0000000000001b10       0x51 ../proyecto3_bsp/\libhal_bsp.a(alt_errno.o)
 .debug_line    0x0000000000001b61       0x4f ../proyecto3_bsp/\libhal_bsp.a(alt_icache_flush_all.o)
 .debug_line    0x0000000000001bb0       0xef ../proyecto3_bsp/\libhal_bsp.a(alt_iic.o)
 .debug_line    0x0000000000001c9f       0xdb ../proyecto3_bsp/\libhal_bsp.a(alt_iic_isr_register.o)
 .debug_line    0x0000000000001d7a      0x132 ../proyecto3_bsp/\libhal_bsp.a(alt_io_redirect.o)
 .debug_line    0x0000000000001eac       0x6b ../proyecto3_bsp/\libhal_bsp.a(alt_irq_entry.o)
 .debug_line    0x0000000000001f17       0xaa ../proyecto3_bsp/\libhal_bsp.a(alt_irq_handler.o)
 .debug_line    0x0000000000001fc1       0x50 ../proyecto3_bsp/\libhal_bsp.a(alt_irq_vars.o)
 .debug_line    0x0000000000002011      0x12d ../proyecto3_bsp/\libhal_bsp.a(alt_open.o)
 .debug_line    0x000000000000213e       0xb0 ../proyecto3_bsp/\libhal_bsp.a(alt_release_fd.o)
 .debug_line    0x00000000000021ee       0xff ../proyecto3_bsp/\libhal_bsp.a(alt_tick.o)
 .debug_line    0x00000000000022ed       0x51 ../proyecto3_bsp/\libhal_bsp.a(altera_nios2_gen2_irq.o)
 .debug_line    0x000000000000233e       0xb3 ../proyecto3_bsp/\libhal_bsp.a(alt_exception_entry.o)
 .debug_line    0x00000000000023f1       0xb5 ../proyecto3_bsp/\libhal_bsp.a(alt_find_dev.o)
 .debug_line    0x00000000000024a6       0xd1 ../proyecto3_bsp/\libhal_bsp.a(alt_find_file.o)
 .debug_line    0x0000000000002577       0xd8 ../proyecto3_bsp/\libhal_bsp.a(alt_get_fd.o)
 .debug_line    0x000000000000264f       0xb9 ../proyecto3_bsp/\libhal_bsp.a(alt_instruction_exception_entry.o)
 .debug_line    0x0000000000002708      0x159 c:/altera_lite/16.0/nios2eds/bin/gnu/h-x86_64-mingw32/bin/../lib/gcc/nios2-elf/5.2.0/../../../../../H-x86_64-mingw32/nios2-elf/lib/mno-hw-mul\libsmallc.a(lib_a-exit.o)
 .debug_line    0x0000000000002861      0x160 c:/altera_lite/16.0/nios2eds/bin/gnu/h-x86_64-mingw32/bin/../lib/gcc/nios2-elf/5.2.0/../../../../../H-x86_64-mingw32/nios2-elf/lib/mno-hw-mul\libsmallc.a(lib_a-memcmp.o)
 .debug_line    0x00000000000029c1      0x232 c:/altera_lite/16.0/nios2eds/bin/gnu/h-x86_64-mingw32/bin/../lib/gcc/nios2-elf/5.2.0/../../../../../H-x86_64-mingw32/nios2-elf/lib/mno-hw-mul\libsmallc.a(lib_a-__call_atexit.o)
 .debug_line    0x0000000000002bf3       0x71 ../proyecto3_bsp/\libhal_bsp.a(alt_exit.o)

.debug_frame    0x0000000000000000      0xb18
 *(.debug_frame)
 .debug_frame   0x0000000000000000       0x5c obj/default/hello_world.o
 .debug_frame   0x000000000000005c       0x20 c:/altera_lite/16.0/nios2eds/bin/gnu/h-x86_64-mingw32/bin/../lib/gcc/nios2-elf/5.2.0/mno-hw-mul\libgcc.a(lib2-mul.o)
 .debug_frame   0x000000000000007c       0x48 c:/altera_lite/16.0/nios2eds/bin/gnu/h-x86_64-mingw32/bin/../lib/gcc/nios2-elf/5.2.0/../../../../../H-x86_64-mingw32/nios2-elf/lib/mno-hw-mul\libsmallc.a(lib_a-printf.o)
 .debug_frame   0x00000000000000c4       0x8c c:/altera_lite/16.0/nios2eds/bin/gnu/h-x86_64-mingw32/bin/../lib/gcc/nios2-elf/5.2.0/../../../../../H-x86_64-mingw32/nios2-elf/lib/mno-hw-mul\libsmallc.a(lib_a-vfprintf.o)
 .debug_frame   0x0000000000000150       0x58 c:/altera_lite/16.0/nios2eds/bin/gnu/h-x86_64-mingw32/bin/../lib/gcc/nios2-elf/5.2.0/../../../../../H-x86_64-mingw32/nios2-elf/lib/mno-hw-mul\libsmallc.a(lib_a-fvwrite_small_dev.o)
 .debug_frame   0x00000000000001a8       0x20 c:/altera_lite/16.0/nios2eds/bin/gnu/h-x86_64-mingw32/bin/../lib/gcc/nios2-elf/5.2.0/../../../../../H-x86_64-mingw32/nios2-elf/lib/mno-hw-mul\libsmallc.a(lib_a-strlen.o)
 .debug_frame   0x00000000000001c8       0x38 c:/altera_lite/16.0/nios2eds/bin/gnu/h-x86_64-mingw32/bin/../lib/gcc/nios2-elf/5.2.0/../../../../../H-x86_64-mingw32/nios2-elf/lib/mno-hw-mul\libsmallc.a(lib_a-writer.o)
 .debug_frame   0x0000000000000200       0x50 c:/altera_lite/16.0/nios2eds/bin/gnu/h-x86_64-mingw32/bin/../lib/gcc/nios2-elf/5.2.0/mno-hw-mul\libgcc.a(lib2-divmod.o)
 .debug_frame   0x0000000000000250       0x5c ../proyecto3_bsp/\libhal_bsp.a(alt_load.o)
 .debug_frame   0x00000000000002ac       0x2c ../proyecto3_bsp/\libhal_bsp.a(alt_main.o)
 .debug_frame   0x00000000000002d8       0x60 ../proyecto3_bsp/\libhal_bsp.a(alt_write.o)
 .debug_frame   0x0000000000000338       0x88 ../proyecto3_bsp/\libhal_bsp.a(alt_sys_init.o)
 .debug_frame   0x00000000000003c0       0x60 ../proyecto3_bsp/\libhal_bsp.a(altera_avalon_jtag_uart_fd.o)
 .debug_frame   0x0000000000000420       0x34 ../proyecto3_bsp/\libhal_bsp.a(altera_avalon_jtag_uart_read.o)
 .debug_frame   0x0000000000000454       0x34 ../proyecto3_bsp/\libhal_bsp.a(altera_avalon_jtag_uart_write.o)
 .debug_frame   0x0000000000000488       0x34 ../proyecto3_bsp/\libhal_bsp.a(altera_avalon_spi.o)
 .debug_frame   0x00000000000004bc       0x60 ../proyecto3_bsp/\libhal_bsp.a(altera_avalon_timer_sc.o)
 .debug_frame   0x000000000000051c       0x60 ../proyecto3_bsp/\libhal_bsp.a(alt_close.o)
 .debug_frame   0x000000000000057c       0x34 ../proyecto3_bsp/\libhal_bsp.a(alt_dcache_flush_all.o)
 .debug_frame   0x00000000000005b0       0x34 ../proyecto3_bsp/\libhal_bsp.a(alt_dev.o)
 .debug_frame   0x00000000000005e4       0x60 ../proyecto3_bsp/\libhal_bsp.a(alt_dev_llist_insert.o)
 .debug_frame   0x0000000000000644       0x34 ../proyecto3_bsp/\libhal_bsp.a(alt_icache_flush_all.o)
 .debug_frame   0x0000000000000678       0xa4 ../proyecto3_bsp/\libhal_bsp.a(alt_iic.o)
 .debug_frame   0x000000000000071c       0x38 ../proyecto3_bsp/\libhal_bsp.a(alt_iic_isr_register.o)
 .debug_frame   0x0000000000000754       0x64 ../proyecto3_bsp/\libhal_bsp.a(alt_io_redirect.o)
 .debug_frame   0x00000000000007b8       0x38 ../proyecto3_bsp/\libhal_bsp.a(alt_irq_handler.o)
 .debug_frame   0x00000000000007f0       0x8c ../proyecto3_bsp/\libhal_bsp.a(alt_open.o)
 .debug_frame   0x000000000000087c       0x3c ../proyecto3_bsp/\libhal_bsp.a(alt_release_fd.o)
 .debug_frame   0x00000000000008b8       0x5c ../proyecto3_bsp/\libhal_bsp.a(alt_tick.o)
 .debug_frame   0x0000000000000914       0x34 ../proyecto3_bsp/\libhal_bsp.a(altera_nios2_gen2_irq.o)
 .debug_frame   0x0000000000000948       0x38 ../proyecto3_bsp/\libhal_bsp.a(alt_find_dev.o)
 .debug_frame   0x0000000000000980       0x38 ../proyecto3_bsp/\libhal_bsp.a(alt_find_file.o)
 .debug_frame   0x00000000000009b8       0x3c ../proyecto3_bsp/\libhal_bsp.a(alt_get_fd.o)
 .debug_frame   0x00000000000009f4       0x5c ../proyecto3_bsp/\libhal_bsp.a(alt_instruction_exception_entry.o)
 .debug_frame   0x0000000000000a50       0x28 c:/altera_lite/16.0/nios2eds/bin/gnu/h-x86_64-mingw32/bin/../lib/gcc/nios2-elf/5.2.0/../../../../../H-x86_64-mingw32/nios2-elf/lib/mno-hw-mul\libsmallc.a(lib_a-exit.o)
 .debug_frame   0x0000000000000a78       0x20 c:/altera_lite/16.0/nios2eds/bin/gnu/h-x86_64-mingw32/bin/../lib/gcc/nios2-elf/5.2.0/../../../../../H-x86_64-mingw32/nios2-elf/lib/mno-hw-mul\libsmallc.a(lib_a-memcmp.o)
 .debug_frame   0x0000000000000a98       0x54 c:/altera_lite/16.0/nios2eds/bin/gnu/h-x86_64-mingw32/bin/../lib/gcc/nios2-elf/5.2.0/../../../../../H-x86_64-mingw32/nios2-elf/lib/mno-hw-mul\libsmallc.a(lib_a-__call_atexit.o)
 .debug_frame   0x0000000000000aec       0x2c ../proyecto3_bsp/\libhal_bsp.a(alt_exit.o)

.debug_str      0x0000000000000000     0x1d9a
 *(.debug_str)
 .debug_str     0x0000000000000000      0x15f obj/default/hello_world.o
                                        0x1a2 (size before relaxing)
 .debug_str     0x000000000000015f      0x148 c:/altera_lite/16.0/nios2eds/bin/gnu/h-x86_64-mingw32/bin/../lib/gcc/nios2-elf/5.2.0/mno-hw-mul\libgcc.a(lib2-mul.o)
                                        0x193 (size before relaxing)
 .debug_str     0x00000000000002a7      0x429 c:/altera_lite/16.0/nios2eds/bin/gnu/h-x86_64-mingw32/bin/../lib/gcc/nios2-elf/5.2.0/../../../../../H-x86_64-mingw32/nios2-elf/lib/mno-hw-mul\libsmallc.a(lib_a-printf.o)
                                        0x504 (size before relaxing)
 .debug_str     0x00000000000006d0      0x1ff c:/altera_lite/16.0/nios2eds/bin/gnu/h-x86_64-mingw32/bin/../lib/gcc/nios2-elf/5.2.0/../../../../../H-x86_64-mingw32/nios2-elf/lib/mno-hw-mul\libsmallc.a(lib_a-vfprintf.o)
                                        0x67f (size before relaxing)
 .debug_str     0x00000000000008cf       0x78 c:/altera_lite/16.0/nios2eds/bin/gnu/h-x86_64-mingw32/bin/../lib/gcc/nios2-elf/5.2.0/../../../../../H-x86_64-mingw32/nios2-elf/lib/mno-hw-mul\libsmallc.a(lib_a-fvwrite_small_dev.o)
                                        0x4d4 (size before relaxing)
 .debug_str     0x0000000000000947       0xef c:/altera_lite/16.0/nios2eds/bin/gnu/h-x86_64-mingw32/bin/../lib/gcc/nios2-elf/5.2.0/../../../../../H-x86_64-mingw32/nios2-elf/lib/mno-hw-mul\libsmallc.a(lib_a-impure.o)
                                        0x4be (size before relaxing)
 .debug_str     0x0000000000000a36       0xd2 c:/altera_lite/16.0/nios2eds/bin/gnu/h-x86_64-mingw32/bin/../lib/gcc/nios2-elf/5.2.0/../../../../../H-x86_64-mingw32/nios2-elf/lib/mno-hw-mul\libsmallc.a(lib_a-strlen.o)
                                        0x1e5 (size before relaxing)
 .debug_str     0x0000000000000b08       0x45 c:/altera_lite/16.0/nios2eds/bin/gnu/h-x86_64-mingw32/bin/../lib/gcc/nios2-elf/5.2.0/../../../../../H-x86_64-mingw32/nios2-elf/lib/mno-hw-mul\libsmallc.a(lib_a-writer.o)
                                        0x4b8 (size before relaxing)
 .debug_str     0x0000000000000b4d       0x3f c:/altera_lite/16.0/nios2eds/bin/gnu/h-x86_64-mingw32/bin/../lib/gcc/nios2-elf/5.2.0/../../../../../H-x86_64-mingw32/nios2-elf/lib/mno-hw-mul\libsmallc.a(lib_a-int_errno.o)
                                        0x1d8 (size before relaxing)
 .debug_str     0x0000000000000b8c       0x7f c:/altera_lite/16.0/nios2eds/bin/gnu/h-x86_64-mingw32/bin/../lib/gcc/nios2-elf/5.2.0/mno-hw-mul\libgcc.a(lib2-divmod.o)
                                        0x1d2 (size before relaxing)
 .debug_str     0x0000000000000c0b      0x18e ../proyecto3_bsp/\libhal_bsp.a(alt_load.o)
                                        0x22c (size before relaxing)
 .debug_str     0x0000000000000d99       0x70 ../proyecto3_bsp/\libhal_bsp.a(alt_main.o)
                                        0x1b7 (size before relaxing)
 .debug_str     0x0000000000000e09      0x166 ../proyecto3_bsp/\libhal_bsp.a(alt_write.o)
                                        0x312 (size before relaxing)
 .debug_str     0x0000000000000f6f      0x136 ../proyecto3_bsp/\libhal_bsp.a(alt_sys_init.o)
                                        0x324 (size before relaxing)
 .debug_str     0x00000000000010a5       0x77 ../proyecto3_bsp/\libhal_bsp.a(altera_avalon_jtag_uart_fd.o)
                                        0x2ef (size before relaxing)
 .debug_str     0x000000000000111c       0x48 ../proyecto3_bsp/\libhal_bsp.a(altera_avalon_jtag_uart_read.o)
                                        0x239 (size before relaxing)
 .debug_str     0x0000000000001164       0x4a ../proyecto3_bsp/\libhal_bsp.a(altera_avalon_jtag_uart_write.o)
                                        0x22f (size before relaxing)
 .debug_str     0x00000000000011ae       0x9e ../proyecto3_bsp/\libhal_bsp.a(altera_avalon_spi.o)
                                        0x1fa (size before relaxing)
 .debug_str     0x000000000000124c       0xb6 ../proyecto3_bsp/\libhal_bsp.a(altera_avalon_timer_sc.o)
                                        0x265 (size before relaxing)
 .debug_str     0x0000000000001302       0x1b ../proyecto3_bsp/\libhal_bsp.a(alt_close.o)
                                        0x225 (size before relaxing)
 .debug_str     0x000000000000131d       0x34 ../proyecto3_bsp/\libhal_bsp.a(alt_dcache_flush_all.o)
                                        0x16f (size before relaxing)
 .debug_str     0x0000000000001351       0x49 ../proyecto3_bsp/\libhal_bsp.a(alt_dev.o)
                                        0x31f (size before relaxing)
 .debug_str     0x000000000000139a       0x45 ../proyecto3_bsp/\libhal_bsp.a(alt_dev_llist_insert.o)
                                        0x1e6 (size before relaxing)
 .debug_str     0x00000000000013df       0x14 ../proyecto3_bsp/\libhal_bsp.a(alt_errno.o)
                                        0x15f (size before relaxing)
 .debug_str     0x00000000000013f3       0x34 ../proyecto3_bsp/\libhal_bsp.a(alt_icache_flush_all.o)
                                        0x16f (size before relaxing)
 .debug_str     0x0000000000001427       0xbd ../proyecto3_bsp/\libhal_bsp.a(alt_iic.o)
                                        0x258 (size before relaxing)
 .debug_str     0x00000000000014e4       0x4c ../proyecto3_bsp/\libhal_bsp.a(alt_iic_isr_register.o)
                                        0x202 (size before relaxing)
 .debug_str     0x0000000000001530       0x56 ../proyecto3_bsp/\libhal_bsp.a(alt_io_redirect.o)
                                        0x330 (size before relaxing)
 .debug_str     0x0000000000001586       0x3a ../proyecto3_bsp/\libhal_bsp.a(alt_irq_handler.o)
                                        0x1b1 (size before relaxing)
 .debug_str     0x00000000000015c0       0x17 ../proyecto3_bsp/\libhal_bsp.a(alt_irq_vars.o)
                                        0x154 (size before relaxing)
 .debug_str     0x00000000000015d7       0x2f ../proyecto3_bsp/\libhal_bsp.a(alt_open.o)
                                        0x265 (size before relaxing)
 .debug_str     0x0000000000001606       0x28 ../proyecto3_bsp/\libhal_bsp.a(alt_release_fd.o)
                                        0x1ed (size before relaxing)
 .debug_str     0x000000000000162e       0x78 ../proyecto3_bsp/\libhal_bsp.a(alt_tick.o)
                                        0x26c (size before relaxing)
 .debug_str     0x00000000000016a6       0x3b ../proyecto3_bsp/\libhal_bsp.a(altera_nios2_gen2_irq.o)
                                        0x176 (size before relaxing)
 .debug_str     0x00000000000016e1       0x24 ../proyecto3_bsp/\libhal_bsp.a(alt_find_dev.o)
                                        0x206 (size before relaxing)
 .debug_str     0x0000000000001705       0x26 ../proyecto3_bsp/\libhal_bsp.a(alt_find_file.o)
                                        0x214 (size before relaxing)
 .debug_str     0x000000000000172b       0x30 ../proyecto3_bsp/\libhal_bsp.a(alt_get_fd.o)
                                        0x236 (size before relaxing)
 .debug_str     0x000000000000175b      0x48b ../proyecto3_bsp/\libhal_bsp.a(alt_instruction_exception_entry.o)
                                        0x5ba (size before relaxing)
 .debug_str     0x0000000000001be6       0xe1 c:/altera_lite/16.0/nios2eds/bin/gnu/h-x86_64-mingw32/bin/../lib/gcc/nios2-elf/5.2.0/../../../../../H-x86_64-mingw32/nios2-elf/lib/mno-hw-mul\libsmallc.a(lib_a-exit.o)
                                        0x1f0 (size before relaxing)
 .debug_str     0x0000000000001cc7       0x44 c:/altera_lite/16.0/nios2eds/bin/gnu/h-x86_64-mingw32/bin/../lib/gcc/nios2-elf/5.2.0/../../../../../H-x86_64-mingw32/nios2-elf/lib/mno-hw-mul\libsmallc.a(lib_a-memcmp.o)
                                        0x1df (size before relaxing)
 .debug_str     0x0000000000001d0b       0x65 c:/altera_lite/16.0/nios2eds/bin/gnu/h-x86_64-mingw32/bin/../lib/gcc/nios2-elf/5.2.0/../../../../../H-x86_64-mingw32/nios2-elf/lib/mno-hw-mul\libsmallc.a(lib_a-__call_atexit.o)
                                        0x4eb (size before relaxing)
 .debug_str     0x0000000000001d70       0x2a ../proyecto3_bsp/\libhal_bsp.a(alt_exit.o)
                                        0x16b (size before relaxing)

.debug_loc      0x0000000000000000     0x1337
 *(.debug_loc)
 .debug_loc     0x0000000000000000       0x93 c:/altera_lite/16.0/nios2eds/bin/gnu/h-x86_64-mingw32/bin/../lib/gcc/nios2-elf/5.2.0/mno-hw-mul\libgcc.a(lib2-mul.o)
 .debug_loc     0x0000000000000093       0xc6 c:/altera_lite/16.0/nios2eds/bin/gnu/h-x86_64-mingw32/bin/../lib/gcc/nios2-elf/5.2.0/../../../../../H-x86_64-mingw32/nios2-elf/lib/mno-hw-mul\libsmallc.a(lib_a-printf.o)
 .debug_loc     0x0000000000000159      0x954 c:/altera_lite/16.0/nios2eds/bin/gnu/h-x86_64-mingw32/bin/../lib/gcc/nios2-elf/5.2.0/../../../../../H-x86_64-mingw32/nios2-elf/lib/mno-hw-mul\libsmallc.a(lib_a-vfprintf.o)
 .debug_loc     0x0000000000000aad      0x110 c:/altera_lite/16.0/nios2eds/bin/gnu/h-x86_64-mingw32/bin/../lib/gcc/nios2-elf/5.2.0/../../../../../H-x86_64-mingw32/nios2-elf/lib/mno-hw-mul\libsmallc.a(lib_a-fvwrite_small_dev.o)
 .debug_loc     0x0000000000000bbd       0x1e c:/altera_lite/16.0/nios2eds/bin/gnu/h-x86_64-mingw32/bin/../lib/gcc/nios2-elf/5.2.0/../../../../../H-x86_64-mingw32/nios2-elf/lib/mno-hw-mul\libsmallc.a(lib_a-strlen.o)
 .debug_loc     0x0000000000000bdb       0xa5 c:/altera_lite/16.0/nios2eds/bin/gnu/h-x86_64-mingw32/bin/../lib/gcc/nios2-elf/5.2.0/../../../../../H-x86_64-mingw32/nios2-elf/lib/mno-hw-mul\libsmallc.a(lib_a-writer.o)
 .debug_loc     0x0000000000000c80      0x4ae c:/altera_lite/16.0/nios2eds/bin/gnu/h-x86_64-mingw32/bin/../lib/gcc/nios2-elf/5.2.0/mno-hw-mul\libgcc.a(lib2-divmod.o)
 .debug_loc     0x000000000000112e       0x1e c:/altera_lite/16.0/nios2eds/bin/gnu/h-x86_64-mingw32/bin/../lib/gcc/nios2-elf/5.2.0/../../../../../H-x86_64-mingw32/nios2-elf/lib/mno-hw-mul\libsmallc.a(lib_a-exit.o)
 .debug_loc     0x000000000000114c       0x94 c:/altera_lite/16.0/nios2eds/bin/gnu/h-x86_64-mingw32/bin/../lib/gcc/nios2-elf/5.2.0/../../../../../H-x86_64-mingw32/nios2-elf/lib/mno-hw-mul\libsmallc.a(lib_a-memcmp.o)
 .debug_loc     0x00000000000011e0      0x157 c:/altera_lite/16.0/nios2eds/bin/gnu/h-x86_64-mingw32/bin/../lib/gcc/nios2-elf/5.2.0/../../../../../H-x86_64-mingw32/nios2-elf/lib/mno-hw-mul\libsmallc.a(lib_a-__call_atexit.o)

.debug_macinfo
 *(.debug_macinfo)

.debug_weaknames
 *(.debug_weaknames)

.debug_funcnames
 *(.debug_funcnames)

.debug_typenames
 *(.debug_typenames)

.debug_varnames
 *(.debug_varnames)

.debug_alt_sim_info
                0x0000000000000000       0x10
 *(.debug_alt_sim_info)
 .debug_alt_sim_info
                0x0000000000000000       0x10 ../proyecto3_bsp//obj/HAL/src/crt0.o
                0x0000000000010000                __alt_data_end = 0x10000
                0x0000000000010000                PROVIDE (__alt_stack_pointer, __alt_data_end)
                [!provide]                        PROVIDE (__alt_stack_limit, __alt_stack_base)
                [!provide]                        PROVIDE (__alt_heap_start, end)
                [!provide]                        PROVIDE (__alt_heap_limit, 0x10000)
OUTPUT(proyecto3.elf elf32-littlenios2)

.debug_ranges   0x0000000000000000      0x288
 .debug_ranges  0x0000000000000000       0x20 ../proyecto3_bsp//obj/HAL/src/crt0.o
 .debug_ranges  0x0000000000000020       0x18 c:/altera_lite/16.0/nios2eds/bin/gnu/h-x86_64-mingw32/bin/../lib/gcc/nios2-elf/5.2.0/../../../../../H-x86_64-mingw32/nios2-elf/lib/mno-hw-mul\libsmallc.a(lib_a-printf.o)
 .debug_ranges  0x0000000000000038       0xc8 c:/altera_lite/16.0/nios2eds/bin/gnu/h-x86_64-mingw32/bin/../lib/gcc/nios2-elf/5.2.0/../../../../../H-x86_64-mingw32/nios2-elf/lib/mno-hw-mul\libsmallc.a(lib_a-vfprintf.o)
 .debug_ranges  0x0000000000000100       0x28 c:/altera_lite/16.0/nios2eds/bin/gnu/h-x86_64-mingw32/bin/../lib/gcc/nios2-elf/5.2.0/../../../../../H-x86_64-mingw32/nios2-elf/lib/mno-hw-mul\libsmallc.a(lib_a-fvwrite_small_dev.o)
 .debug_ranges  0x0000000000000128       0x10 c:/altera_lite/16.0/nios2eds/bin/gnu/h-x86_64-mingw32/bin/../lib/gcc/nios2-elf/5.2.0/../../../../../H-x86_64-mingw32/nios2-elf/lib/mno-hw-mul\libsmallc.a(lib_a-strlen.o)
 .debug_ranges  0x0000000000000138       0x10 c:/altera_lite/16.0/nios2eds/bin/gnu/h-x86_64-mingw32/bin/../lib/gcc/nios2-elf/5.2.0/../../../../../H-x86_64-mingw32/nios2-elf/lib/mno-hw-mul\libsmallc.a(lib_a-writer.o)
 .debug_ranges  0x0000000000000148       0x60 c:/altera_lite/16.0/nios2eds/bin/gnu/h-x86_64-mingw32/bin/../lib/gcc/nios2-elf/5.2.0/mno-hw-mul\libgcc.a(lib2-divmod.o)
 .debug_ranges  0x00000000000001a8       0x18 ../proyecto3_bsp/\libhal_bsp.a(altera_avalon_jtag_uart_read.o)
 .debug_ranges  0x00000000000001c0       0x28 ../proyecto3_bsp/\libhal_bsp.a(alt_irq_entry.o)
 .debug_ranges  0x00000000000001e8       0x10 ../proyecto3_bsp/\libhal_bsp.a(alt_irq_handler.o)
 .debug_ranges  0x00000000000001f8       0x30 ../proyecto3_bsp/\libhal_bsp.a(alt_exception_entry.o)
 .debug_ranges  0x0000000000000228       0x18 ../proyecto3_bsp/\libhal_bsp.a(alt_instruction_exception_entry.o)
 .debug_ranges  0x0000000000000240       0x10 c:/altera_lite/16.0/nios2eds/bin/gnu/h-x86_64-mingw32/bin/../lib/gcc/nios2-elf/5.2.0/../../../../../H-x86_64-mingw32/nios2-elf/lib/mno-hw-mul\libsmallc.a(lib_a-exit.o)
 .debug_ranges  0x0000000000000250       0x10 c:/altera_lite/16.0/nios2eds/bin/gnu/h-x86_64-mingw32/bin/../lib/gcc/nios2-elf/5.2.0/../../../../../H-x86_64-mingw32/nios2-elf/lib/mno-hw-mul\libsmallc.a(lib_a-memcmp.o)
 .debug_ranges  0x0000000000000260       0x28 c:/altera_lite/16.0/nios2eds/bin/gnu/h-x86_64-mingw32/bin/../lib/gcc/nios2-elf/5.2.0/../../../../../H-x86_64-mingw32/nios2-elf/lib/mno-hw-mul\libsmallc.a(lib_a-__call_atexit.o)
